Input #0, mov,mp4,m4a,3gp,3g2,mj2, from 'showroom/globe/h-earth/awards/media/diamond-gate-h-earth-awards-18s-vivaldi.mp4':
  Metadata:
    major_brand     : isom
    minor_version   : 512
    compatible_brands: isomiso2avc1mp41
    encoder         : Lavf60.16.100
  Duration: 00:00:18.00, start: 0.000000, bitrate: 565 kb/s
  Stream #0:0[0x1](und): Video: h264 (High) (avc1 / 0x31637661), yuv420p(tv, bt470bg/bt470bg/smpte170m, progressive), 1280x720, 361 kb/s, 30 fps, 30 tbr, 15360 tbn (default)
    Metadata:
      handler_name    : VideoHandler
      vendor_id       : [0][0][0][0]
      encoder         : Lavc60.31.102 libx264
  Stream #0:1[0x2](und): Audio: aac (LC) (mp4a / 0x6134706D), 48000 Hz, stereo, fltp, 193 kb/s (default)
    Metadata:
      handler_name    : SoundHandler
      vendor_id       : [0][0][0][0]
Stream mapping:
  Stream #0:0 -> #0:0 (h264 (native) -> wrapped_avframe (native))
Press [q] to stop, [?] for help
Output #0, null, to 'pipe:':
  Metadata:
    major_brand     : isom
    minor_version   : 512
    compatible_brands: isomiso2avc1mp41
    encoder         : Lavf60.16.100
  Stream #0:0(und): Video: wrapped_avframe, yuv420p(tv, bt470bg/bt470bg/smpte170m, progressive), 1280x720, q=2-31, 200 kb/s, 30 fps, 30 tbn (default)
    Metadata:
      handler_name    : VideoHandler
      vendor_id       : [0][0][0][0]
      encoder         : Lavc60.31.102 wrapped_avframe
frame=    0 fps=0.0 q=-0.0 size=       0kB time=00:00:00.00 bitrate=N/A speed=   0x    [Parsed_cropdetect_0 @ 0x55eab7d6e800] x1:14 x2:1279 y1:0 y2:719 w:1264 h:720 x:16 y:0 pts:1024 t:0.066667 limit:24.000000 crop=1264:720:16:0
[Parsed_cropdetect_0 @ 0x55eab7d6e800] x1:14 x2:1279 y1:0 y2:719 w:1264 h:720 x:16 y:0 pts:1536 t:0.100000 limit:24.000000 crop=1264:720:16:0
[Parsed_cropdetect_0 @ 0x55eab7d6e800] x1:14 x2:1279 y1:0 y2:719 w:1264 h:720 x:16 y:0 pts:2048 t:0.133333 limit:24.000000 crop=1264:720:16:0
[Parsed_cropdetect_0 @ 0x55eab7d6e800] x1:14 x2:1279 y1:0 y2:719 w:1264 h:720 x:16 y:0 pts:2560 t:0.166667 limit:24.000000 crop=1264:720:16:0
[Parsed_cropdetect_0 @ 0x55eab7d6e800] x1:14 x2:1279 y1:0 y2:719 w:1264 h:720 x:16 y:0 pts:3072 t:0.200000 limit:24.000000 crop=1264:720:16:0
[Parsed_cropdetect_0 @ 0x55eab7d6e800] x1:14 x2:1279 y1:0 y2:719 w:1264 h:720 x:16 y:0 pts:3584 t:0.233333 limit:24.000000 crop=1264:720:16:0
[Parsed_cropdetect_0 @ 0x55eab7d6e800] x1:14 x2:1279 y1:0 y2:719 w:1264 h:720 x:16 y:0 pts:4096 t:0.266667 limit:24.000000 crop=1264:720:16:0
[Parsed_cropdetect_0 @ 0x55eab7d6e800] x1:14 x2:1279 y1:0 y2:719 w:1264 h:720 x:16 y:0 pts:4608 t:0.300000 limit:24.000000 crop=1264:720:16:0
[Parsed_cropdetect_0 @ 0x55eab7d6e800] x1:14 x2:1279 y1:0 y2:719 w:1264 h:720 x:16 y:0 pts:5120 t:0.333333 limit:24.000000 crop=1264:720:16:0
[Parsed_cropdetect_0 @ 0x55eab7d6e800] x1:14 x2:1279 y1:0 y2:719 w:1264 h:720 x:16 y:0 pts:5632 t:0.366667 limit:24.000000 crop=1264:720:16:0
[Parsed_cropdetect_0 @ 0x55eab7d6e800] x1:14 x2:1279 y1:0 y2:719 w:1264 h:720 x:16 y:0 pts:6144 t:0.400000 limit:24.000000 crop=1264:720:16:0
[Parsed_cropdetect_0 @ 0x55eab7d6e800] x1:14 x2:1279 y1:0 y2:719 w:1264 h:720 x:16 y:0 pts:6656 t:0.433333 limit:24.000000 crop=1264:720:16:0
[Parsed_cropdetect_0 @ 0x55eab7d6e800] x1:14 x2:1279 y1:0 y2:719 w:1264 h:720 x:16 y:0 pts:7168 t:0.466667 limit:24.000000 crop=1264:720:16:0
[Parsed_cropdetect_0 @ 0x55eab7d6e800] x1:14 x2:1279 y1:0 y2:719 w:1264 h:720 x:16 y:0 pts:7680 t:0.500000 limit:24.000000 crop=1264:720:16:0
[Parsed_cropdetect_0 @ 0x55eab7d6e800] x1:14 x2:1279 y1:0 y2:719 w:1264 h:720 x:16 y:0 pts:8192 t:0.533333 limit:24.000000 crop=1264:720:16:0
[Parsed_cropdetect_0 @ 0x55eab7d6e800] x1:14 x2:1279 y1:0 y2:719 w:1264 h:720 x:16 y:0 pts:8704 t:0.566667 limit:24.000000 crop=1264:720:16:0
[Parsed_cropdetect_0 @ 0x55eab7d6e800] x1:14 x2:1279 y1:0 y2:719 w:1264 h:720 x:16 y:0 pts:9216 t:0.600000 limit:24.000000 crop=1264:720:16:0
[Parsed_cropdetect_0 @ 0x55eab7d6e800] x1:14 x2:1279 y1:0 y2:719 w:1264 h:720 x:16 y:0 pts:9728 t:0.633333 limit:24.000000 crop=1264:720:16:0
[Parsed_cropdetect_0 @ 0x55eab7d6e800] x1:14 x2:1279 y1:0 y2:719 w:1264 h:720 x:16 y:0 pts:10240 t:0.666667 limit:24.000000 crop=1264:720:16:0
[Parsed_cropdetect_0 @ 0x55eab7d6e800] x1:14 x2:1279 y1:0 y2:719 w:1264 h:720 x:16 y:0 pts:10752 t:0.700000 limit:24.000000 crop=1264:720:16:0
[Parsed_cropdetect_0 @ 0x55eab7d6e800] x1:14 x2:1279 y1:0 y2:719 w:1264 h:720 x:16 y:0 pts:11264 t:0.733333 limit:24.000000 crop=1264:720:16:0
[Parsed_cropdetect_0 @ 0x55eab7d6e800] x1:14 x2:1279 y1:0 y2:719 w:1264 h:720 x:16 y:0 pts:11776 t:0.766667 limit:24.000000 crop=1264:720:16:0
[Parsed_cropdetect_0 @ 0x55eab7d6e800] x1:14 x2:1279 y1:0 y2:719 w:1264 h:720 x:16 y:0 pts:12288 t:0.800000 limit:24.000000 crop=1264:720:16:0
[Parsed_cropdetect_0 @ 0x55eab7d6e800] x1:14 x2:1279 y1:0 y2:719 w:1264 h:720 x:16 y:0 pts:12800 t:0.833333 limit:24.000000 crop=1264:720:16:0
[Parsed_cropdetect_0 @ 0x55eab7d6e800] x1:14 x2:1279 y1:0 y2:719 w:1264 h:720 x:16 y:0 pts:13312 t:0.866667 limit:24.000000 crop=1264:720:16:0
[Parsed_cropdetect_0 @ 0x55eab7d6e800] x1:14 x2:1279 y1:0 y2:719 w:1264 h:720 x:16 y:0 pts:13824 t:0.900000 limit:24.000000 crop=1264:720:16:0
[Parsed_cropdetect_0 @ 0x55eab7d6e800] x1:14 x2:1279 y1:0 y2:719 w:1264 h:720 x:16 y:0 pts:14336 t:0.933333 limit:24.000000 crop=1264:720:16:0
[Parsed_cropdetect_0 @ 0x55eab7d6e800] x1:14 x2:1279 y1:0 y2:719 w:1264 h:720 x:16 y:0 pts:14848 t:0.966667 limit:24.000000 crop=1264:720:16:0
[Parsed_cropdetect_0 @ 0x55eab7d6e800] x1:14 x2:1279 y1:0 y2:719 w:1264 h:720 x:16 y:0 pts:15360 t:1.000000 limit:24.000000 crop=1264:720:16:0
[Parsed_cropdetect_0 @ 0x55eab7d6e800] x1:14 x2:1279 y1:0 y2:719 w:1264 h:720 x:16 y:0 pts:15872 t:1.033333 limit:24.000000 crop=1264:720:16:0
[Parsed_cropdetect_0 @ 0x55eab7d6e800] x1:14 x2:1279 y1:0 y2:719 w:1264 h:720 x:16 y:0 pts:16384 t:1.066667 limit:24.000000 crop=1264:720:16:0
[Parsed_cropdetect_0 @ 0x55eab7d6e800] x1:14 x2:1279 y1:0 y2:719 w:1264 h:720 x:16 y:0 pts:16896 t:1.100000 limit:24.000000 crop=1264:720:16:0
[Parsed_cropdetect_0 @ 0x55eab7d6e800] x1:14 x2:1279 y1:0 y2:719 w:1264 h:720 x:16 y:0 pts:17408 t:1.133333 limit:24.000000 crop=1264:720:16:0
[Parsed_cropdetect_0 @ 0x55eab7d6e800] x1:14 x2:1279 y1:0 y2:719 w:1264 h:720 x:16 y:0 pts:17920 t:1.166667 limit:24.000000 crop=1264:720:16:0
[Parsed_cropdetect_0 @ 0x55eab7d6e800] x1:14 x2:1279 y1:0 y2:719 w:1264 h:720 x:16 y:0 pts:18432 t:1.200000 limit:24.000000 crop=1264:720:16:0
[Parsed_cropdetect_0 @ 0x55eab7d6e800] x1:14 x2:1279 y1:0 y2:719 w:1264 h:720 x:16 y:0 pts:18944 t:1.233333 limit:24.000000 crop=1264:720:16:0
[Parsed_cropdetect_0 @ 0x55eab7d6e800] x1:14 x2:1279 y1:0 y2:719 w:1264 h:720 x:16 y:0 pts:19456 t:1.266667 limit:24.000000 crop=1264:720:16:0
[Parsed_cropdetect_0 @ 0x55eab7d6e800] x1:14 x2:1279 y1:0 y2:719 w:1264 h:720 x:16 y:0 pts:19968 t:1.300000 limit:24.000000 crop=1264:720:16:0
[Parsed_cropdetect_0 @ 0x55eab7d6e800] x1:14 x2:1279 y1:0 y2:719 w:1264 h:720 x:16 y:0 pts:20480 t:1.333333 limit:24.000000 crop=1264:720:16:0
[Parsed_cropdetect_0 @ 0x55eab7d6e800] x1:14 x2:1279 y1:0 y2:719 w:1264 h:720 x:16 y:0 pts:20992 t:1.366667 limit:24.000000 crop=1264:720:16:0
[Parsed_cropdetect_0 @ 0x55eab7d6e800] x1:14 x2:1279 y1:0 y2:719 w:1264 h:720 x:16 y:0 pts:21504 t:1.400000 limit:24.000000 crop=1264:720:16:0
[Parsed_cropdetect_0 @ 0x55eab7d6e800] x1:14 x2:1279 y1:0 y2:719 w:1264 h:720 x:16 y:0 pts:22016 t:1.433333 limit:24.000000 crop=1264:720:16:0
[Parsed_cropdetect_0 @ 0x55eab7d6e800] x1:14 x2:1279 y1:0 y2:719 w:1264 h:720 x:16 y:0 pts:22528 t:1.466667 limit:24.000000 crop=1264:720:16:0
[Parsed_cropdetect_0 @ 0x55eab7d6e800] x1:14 x2:1279 y1:0 y2:719 w:1264 h:720 x:16 y:0 pts:23040 t:1.500000 limit:24.000000 crop=1264:720:16:0
[Parsed_cropdetect_0 @ 0x55eab7d6e800] x1:14 x2:1279 y1:0 y2:719 w:1264 h:720 x:16 y:0 pts:23552 t:1.533333 limit:24.000000 crop=1264:720:16:0
[Parsed_cropdetect_0 @ 0x55eab7d6e800] x1:14 x2:1279 y1:0 y2:719 w:1264 h:720 x:16 y:0 pts:24064 t:1.566667 limit:24.000000 crop=1264:720:16:0
[Parsed_cropdetect_0 @ 0x55eab7d6e800] x1:14 x2:1279 y1:0 y2:719 w:1264 h:720 x:16 y:0 pts:24576 t:1.600000 limit:24.000000 crop=1264:720:16:0
[Parsed_cropdetect_0 @ 0x55eab7d6e800] x1:14 x2:1279 y1:0 y2:719 w:1264 h:720 x:16 y:0 pts:25088 t:1.633333 limit:24.000000 crop=1264:720:16:0
[Parsed_cropdetect_0 @ 0x55eab7d6e800] x1:14 x2:1279 y1:0 y2:719 w:1264 h:720 x:16 y:0 pts:25600 t:1.666667 limit:24.000000 crop=1264:720:16:0
[Parsed_cropdetect_0 @ 0x55eab7d6e800] x1:14 x2:1279 y1:0 y2:719 w:1264 h:720 x:16 y:0 pts:26112 t:1.700000 limit:24.000000 crop=1264:720:16:0
[Parsed_cropdetect_0 @ 0x55eab7d6e800] x1:14 x2:1279 y1:0 y2:719 w:1264 h:720 x:16 y:0 pts:26624 t:1.733333 limit:24.000000 crop=1264:720:16:0
[Parsed_cropdetect_0 @ 0x55eab7d6e800] x1:14 x2:1279 y1:0 y2:719 w:1264 h:720 x:16 y:0 pts:27136 t:1.766667 limit:24.000000 crop=1264:720:16:0
[Parsed_cropdetect_0 @ 0x55eab7d6e800] x1:14 x2:1279 y1:0 y2:719 w:1264 h:720 x:16 y:0 pts:27648 t:1.800000 limit:24.000000 crop=1264:720:16:0
[Parsed_cropdetect_0 @ 0x55eab7d6e800] x1:14 x2:1279 y1:0 y2:719 w:1264 h:720 x:16 y:0 pts:28160 t:1.833333 limit:24.000000 crop=1264:720:16:0
[Parsed_cropdetect_0 @ 0x55eab7d6e800] x1:14 x2:1279 y1:0 y2:719 w:1264 h:720 x:16 y:0 pts:28672 t:1.866667 limit:24.000000 crop=1264:720:16:0
[Parsed_cropdetect_0 @ 0x55eab7d6e800] x1:14 x2:1279 y1:0 y2:719 w:1264 h:720 x:16 y:0 pts:29184 t:1.900000 limit:24.000000 crop=1264:720:16:0
[Parsed_cropdetect_0 @ 0x55eab7d6e800] x1:14 x2:1279 y1:0 y2:719 w:1264 h:720 x:16 y:0 pts:29696 t:1.933333 limit:24.000000 crop=1264:720:16:0
[Parsed_cropdetect_0 @ 0x55eab7d6e800] x1:14 x2:1279 y1:0 y2:719 w:1264 h:720 x:16 y:0 pts:30208 t:1.966667 limit:24.000000 crop=1264:720:16:0
[Parsed_cropdetect_0 @ 0x55eab7d6e800] x1:14 x2:1279 y1:0 y2:719 w:1264 h:720 x:16 y:0 pts:30720 t:2.000000 limit:24.000000 crop=1264:720:16:0
[Parsed_cropdetect_0 @ 0x55eab7d6e800] x1:14 x2:1279 y1:0 y2:719 w:1264 h:720 x:16 y:0 pts:31232 t:2.033333 limit:24.000000 crop=1264:720:16:0
[Parsed_cropdetect_0 @ 0x55eab7d6e800] x1:14 x2:1279 y1:0 y2:719 w:1264 h:720 x:16 y:0 pts:31744 t:2.066667 limit:24.000000 crop=1264:720:16:0
[Parsed_cropdetect_0 @ 0x55eab7d6e800] x1:14 x2:1279 y1:0 y2:719 w:1264 h:720 x:16 y:0 pts:32256 t:2.100000 limit:24.000000 crop=1264:720:16:0
[Parsed_cropdetect_0 @ 0x55eab7d6e800] x1:14 x2:1279 y1:0 y2:719 w:1264 h:720 x:16 y:0 pts:32768 t:2.133333 limit:24.000000 crop=1264:720:16:0
[Parsed_cropdetect_0 @ 0x55eab7d6e800] x1:14 x2:1279 y1:0 y2:719 w:1264 h:720 x:16 y:0 pts:33280 t:2.166667 limit:24.000000 crop=1264:720:16:0
[Parsed_cropdetect_0 @ 0x55eab7d6e800] x1:14 x2:1279 y1:0 y2:719 w:1264 h:720 x:16 y:0 pts:33792 t:2.200000 limit:24.000000 crop=1264:720:16:0
[Parsed_cropdetect_0 @ 0x55eab7d6e800] x1:14 x2:1279 y1:0 y2:719 w:1264 h:720 x:16 y:0 pts:34304 t:2.233333 limit:24.000000 crop=1264:720:16:0
[Parsed_cropdetect_0 @ 0x55eab7d6e800] x1:14 x2:1279 y1:0 y2:719 w:1264 h:720 x:16 y:0 pts:34816 t:2.266667 limit:24.000000 crop=1264:720:16:0
[Parsed_cropdetect_0 @ 0x55eab7d6e800] x1:14 x2:1279 y1:0 y2:719 w:1264 h:720 x:16 y:0 pts:35328 t:2.300000 limit:24.000000 crop=1264:720:16:0
[Parsed_cropdetect_0 @ 0x55eab7d6e800] x1:14 x2:1279 y1:0 y2:719 w:1264 h:720 x:16 y:0 pts:35840 t:2.333333 limit:24.000000 crop=1264:720:16:0
[Parsed_cropdetect_0 @ 0x55eab7d6e800] x1:14 x2:1279 y1:0 y2:719 w:1264 h:720 x:16 y:0 pts:36352 t:2.366667 limit:24.000000 crop=1264:720:16:0
[Parsed_cropdetect_0 @ 0x55eab7d6e800] x1:14 x2:1279 y1:0 y2:719 w:1264 h:720 x:16 y:0 pts:36864 t:2.400000 limit:24.000000 crop=1264:720:16:0
[Parsed_cropdetect_0 @ 0x55eab7d6e800] x1:14 x2:1279 y1:0 y2:719 w:1264 h:720 x:16 y:0 pts:37376 t:2.433333 limit:24.000000 crop=1264:720:16:0
[Parsed_cropdetect_0 @ 0x55eab7d6e800] x1:14 x2:1279 y1:0 y2:719 w:1264 h:720 x:16 y:0 pts:37888 t:2.466667 limit:24.000000 crop=1264:720:16:0
[Parsed_cropdetect_0 @ 0x55eab7d6e800] x1:14 x2:1279 y1:0 y2:719 w:1264 h:720 x:16 y:0 pts:38400 t:2.500000 limit:24.000000 crop=1264:720:16:0
[Parsed_cropdetect_0 @ 0x55eab7d6e800] x1:14 x2:1279 y1:0 y2:719 w:1264 h:720 x:16 y:0 pts:38912 t:2.533333 limit:24.000000 crop=1264:720:16:0
[Parsed_cropdetect_0 @ 0x55eab7d6e800] x1:14 x2:1279 y1:0 y2:719 w:1264 h:720 x:16 y:0 pts:39424 t:2.566667 limit:24.000000 crop=1264:720:16:0
[Parsed_cropdetect_0 @ 0x55eab7d6e800] x1:14 x2:1279 y1:0 y2:719 w:1264 h:720 x:16 y:0 pts:39936 t:2.600000 limit:24.000000 crop=1264:720:16:0
[Parsed_cropdetect_0 @ 0x55eab7d6e800] x1:14 x2:1279 y1:0 y2:719 w:1264 h:720 x:16 y:0 pts:40448 t:2.633333 limit:24.000000 crop=1264:720:16:0
[Parsed_cropdetect_0 @ 0x55eab7d6e800] x1:14 x2:1279 y1:0 y2:719 w:1264 h:720 x:16 y:0 pts:40960 t:2.666667 limit:24.000000 crop=1264:720:16:0
[Parsed_cropdetect_0 @ 0x55eab7d6e800] x1:14 x2:1279 y1:0 y2:719 w:1264 h:720 x:16 y:0 pts:41472 t:2.700000 limit:24.000000 crop=1264:720:16:0
[Parsed_cropdetect_0 @ 0x55eab7d6e800] x1:14 x2:1279 y1:0 y2:719 w:1264 h:720 x:16 y:0 pts:41984 t:2.733333 limit:24.000000 crop=1264:720:16:0
[Parsed_cropdetect_0 @ 0x55eab7d6e800] x1:14 x2:1279 y1:0 y2:719 w:1264 h:720 x:16 y:0 pts:42496 t:2.766667 limit:24.000000 crop=1264:720:16:0
[Parsed_cropdetect_0 @ 0x55eab7d6e800] x1:14 x2:1279 y1:0 y2:719 w:1264 h:720 x:16 y:0 pts:43008 t:2.800000 limit:24.000000 crop=1264:720:16:0
[Parsed_cropdetect_0 @ 0x55eab7d6e800] x1:14 x2:1279 y1:0 y2:719 w:1264 h:720 x:16 y:0 pts:43520 t:2.833333 limit:24.000000 crop=1264:720:16:0
[Parsed_cropdetect_0 @ 0x55eab7d6e800] x1:14 x2:1279 y1:0 y2:719 w:1264 h:720 x:16 y:0 pts:44032 t:2.866667 limit:24.000000 crop=1264:720:16:0
[Parsed_cropdetect_0 @ 0x55eab7d6e800] x1:14 x2:1279 y1:0 y2:719 w:1264 h:720 x:16 y:0 pts:44544 t:2.900000 limit:24.000000 crop=1264:720:16:0
[Parsed_cropdetect_0 @ 0x55eab7d6e800] x1:14 x2:1279 y1:0 y2:719 w:1264 h:720 x:16 y:0 pts:45056 t:2.933333 limit:24.000000 crop=1264:720:16:0
[Parsed_cropdetect_0 @ 0x55eab7d6e800] x1:14 x2:1279 y1:0 y2:719 w:1264 h:720 x:16 y:0 pts:45568 t:2.966667 limit:24.000000 crop=1264:720:16:0
[Parsed_cropdetect_0 @ 0x55eab7d6e800] x1:14 x2:1279 y1:0 y2:719 w:1264 h:720 x:16 y:0 pts:46080 t:3.000000 limit:24.000000 crop=1264:720:16:0
[Parsed_cropdetect_0 @ 0x55eab7d6e800] x1:14 x2:1279 y1:0 y2:719 w:1264 h:720 x:16 y:0 pts:46592 t:3.033333 limit:24.000000 crop=1264:720:16:0
[Parsed_cropdetect_0 @ 0x55eab7d6e800] x1:14 x2:1279 y1:0 y2:719 w:1264 h:720 x:16 y:0 pts:47104 t:3.066667 limit:24.000000 crop=1264:720:16:0
[Parsed_cropdetect_0 @ 0x55eab7d6e800] x1:14 x2:1279 y1:0 y2:719 w:1264 h:720 x:16 y:0 pts:47616 t:3.100000 limit:24.000000 crop=1264:720:16:0
[Parsed_cropdetect_0 @ 0x55eab7d6e800] x1:14 x2:1279 y1:0 y2:719 w:1264 h:720 x:16 y:0 pts:48128 t:3.133333 limit:24.000000 crop=1264:720:16:0
[Parsed_cropdetect_0 @ 0x55eab7d6e800] x1:14 x2:1279 y1:0 y2:719 w:1264 h:720 x:16 y:0 pts:48640 t:3.166667 limit:24.000000 crop=1264:720:16:0
[Parsed_cropdetect_0 @ 0x55eab7d6e800] x1:14 x2:1279 y1:0 y2:719 w:1264 h:720 x:16 y:0 pts:49152 t:3.200000 limit:24.000000 crop=1264:720:16:0
[Parsed_cropdetect_0 @ 0x55eab7d6e800] x1:14 x2:1279 y1:0 y2:719 w:1264 h:720 x:16 y:0 pts:49664 t:3.233333 limit:24.000000 crop=1264:720:16:0
[Parsed_cropdetect_0 @ 0x55eab7d6e800] x1:14 x2:1279 y1:0 y2:719 w:1264 h:720 x:16 y:0 pts:50176 t:3.266667 limit:24.000000 crop=1264:720:16:0
[Parsed_cropdetect_0 @ 0x55eab7d6e800] x1:14 x2:1279 y1:0 y2:719 w:1264 h:720 x:16 y:0 pts:50688 t:3.300000 limit:24.000000 crop=1264:720:16:0
[Parsed_cropdetect_0 @ 0x55eab7d6e800] x1:14 x2:1279 y1:0 y2:719 w:1264 h:720 x:16 y:0 pts:51200 t:3.333333 limit:24.000000 crop=1264:720:16:0
[Parsed_cropdetect_0 @ 0x55eab7d6e800] x1:14 x2:1279 y1:0 y2:719 w:1264 h:720 x:16 y:0 pts:51712 t:3.366667 limit:24.000000 crop=1264:720:16:0
[Parsed_cropdetect_0 @ 0x55eab7d6e800] x1:14 x2:1279 y1:0 y2:719 w:1264 h:720 x:16 y:0 pts:52224 t:3.400000 limit:24.000000 crop=1264:720:16:0
[Parsed_cropdetect_0 @ 0x55eab7d6e800] x1:14 x2:1279 y1:0 y2:719 w:1264 h:720 x:16 y:0 pts:52736 t:3.433333 limit:24.000000 crop=1264:720:16:0
[Parsed_cropdetect_0 @ 0x55eab7d6e800] x1:14 x2:1279 y1:0 y2:719 w:1264 h:720 x:16 y:0 pts:53248 t:3.466667 limit:24.000000 crop=1264:720:16:0
[Parsed_cropdetect_0 @ 0x55eab7d6e800] x1:14 x2:1279 y1:0 y2:719 w:1264 h:720 x:16 y:0 pts:53760 t:3.500000 limit:24.000000 crop=1264:720:16:0
[Parsed_cropdetect_0 @ 0x55eab7d6e800] x1:14 x2:1279 y1:0 y2:719 w:1264 h:720 x:16 y:0 pts:54272 t:3.533333 limit:24.000000 crop=1264:720:16:0
[Parsed_cropdetect_0 @ 0x55eab7d6e800] x1:14 x2:1279 y1:0 y2:719 w:1264 h:720 x:16 y:0 pts:54784 t:3.566667 limit:24.000000 crop=1264:720:16:0
[Parsed_cropdetect_0 @ 0x55eab7d6e800] x1:14 x2:1279 y1:0 y2:719 w:1264 h:720 x:16 y:0 pts:55296 t:3.600000 limit:24.000000 crop=1264:720:16:0
[Parsed_cropdetect_0 @ 0x55eab7d6e800] x1:14 x2:1279 y1:0 y2:719 w:1264 h:720 x:16 y:0 pts:55808 t:3.633333 limit:24.000000 crop=1264:720:16:0
[Parsed_cropdetect_0 @ 0x55eab7d6e800] x1:14 x2:1279 y1:0 y2:719 w:1264 h:720 x:16 y:0 pts:56320 t:3.666667 limit:24.000000 crop=1264:720:16:0
[Parsed_cropdetect_0 @ 0x55eab7d6e800] x1:14 x2:1279 y1:0 y2:719 w:1264 h:720 x:16 y:0 pts:56832 t:3.700000 limit:24.000000 crop=1264:720:16:0
[Parsed_cropdetect_0 @ 0x55eab7d6e800] x1:14 x2:1279 y1:0 y2:719 w:1264 h:720 x:16 y:0 pts:57344 t:3.733333 limit:24.000000 crop=1264:720:16:0
[Parsed_cropdetect_0 @ 0x55eab7d6e800] x1:14 x2:1279 y1:0 y2:719 w:1264 h:720 x:16 y:0 pts:57856 t:3.766667 limit:24.000000 crop=1264:720:16:0
[Parsed_cropdetect_0 @ 0x55eab7d6e800] x1:14 x2:1279 y1:0 y2:719 w:1264 h:720 x:16 y:0 pts:58368 t:3.800000 limit:24.000000 crop=1264:720:16:0
[Parsed_cropdetect_0 @ 0x55eab7d6e800] x1:14 x2:1279 y1:0 y2:719 w:1264 h:720 x:16 y:0 pts:58880 t:3.833333 limit:24.000000 crop=1264:720:16:0
[Parsed_cropdetect_0 @ 0x55eab7d6e800] x1:14 x2:1279 y1:0 y2:719 w:1264 h:720 x:16 y:0 pts:59392 t:3.866667 limit:24.000000 crop=1264:720:16:0
[Parsed_cropdetect_0 @ 0x55eab7d6e800] x1:14 x2:1279 y1:0 y2:719 w:1264 h:720 x:16 y:0 pts:59904 t:3.900000 limit:24.000000 crop=1264:720:16:0
[Parsed_cropdetect_0 @ 0x55eab7d6e800] x1:14 x2:1279 y1:0 y2:719 w:1264 h:720 x:16 y:0 pts:60416 t:3.933333 limit:24.000000 crop=1264:720:16:0
[Parsed_cropdetect_0 @ 0x55eab7d6e800] x1:14 x2:1279 y1:0 y2:719 w:1264 h:720 x:16 y:0 pts:60928 t:3.966667 limit:24.000000 crop=1264:720:16:0
[Parsed_cropdetect_0 @ 0x55eab7d6e800] x1:14 x2:1279 y1:0 y2:719 w:1264 h:720 x:16 y:0 pts:61440 t:4.000000 limit:24.000000 crop=1264:720:16:0
[Parsed_cropdetect_0 @ 0x55eab7d6e800] x1:14 x2:1279 y1:0 y2:719 w:1264 h:720 x:16 y:0 pts:61952 t:4.033333 limit:24.000000 crop=1264:720:16:0
[Parsed_cropdetect_0 @ 0x55eab7d6e800] x1:14 x2:1279 y1:0 y2:719 w:1264 h:720 x:16 y:0 pts:62464 t:4.066667 limit:24.000000 crop=1264:720:16:0
[Parsed_cropdetect_0 @ 0x55eab7d6e800] x1:14 x2:1279 y1:0 y2:719 w:1264 h:720 x:16 y:0 pts:62976 t:4.100000 limit:24.000000 crop=1264:720:16:0
[Parsed_cropdetect_0 @ 0x55eab7d6e800] x1:14 x2:1279 y1:0 y2:719 w:1264 h:720 x:16 y:0 pts:63488 t:4.133333 limit:24.000000 crop=1264:720:16:0
[Parsed_cropdetect_0 @ 0x55eab7d6e800] x1:14 x2:1279 y1:0 y2:719 w:1264 h:720 x:16 y:0 pts:64000 t:4.166667 limit:24.000000 crop=1264:720:16:0
[Parsed_cropdetect_0 @ 0x55eab7d6e800] x1:14 x2:1279 y1:0 y2:719 w:1264 h:720 x:16 y:0 pts:64512 t:4.200000 limit:24.000000 crop=1264:720:16:0
[Parsed_cropdetect_0 @ 0x55eab7d6e800] x1:14 x2:1279 y1:0 y2:719 w:1264 h:720 x:16 y:0 pts:65024 t:4.233333 limit:24.000000 crop=1264:720:16:0
[Parsed_cropdetect_0 @ 0x55eab7d6e800] x1:14 x2:1279 y1:0 y2:719 w:1264 h:720 x:16 y:0 pts:65536 t:4.266667 limit:24.000000 crop=1264:720:16:0
[Parsed_cropdetect_0 @ 0x55eab7d6e800] x1:14 x2:1279 y1:0 y2:719 w:1264 h:720 x:16 y:0 pts:66048 t:4.300000 limit:24.000000 crop=1264:720:16:0
[Parsed_cropdetect_0 @ 0x55eab7d6e800] x1:14 x2:1279 y1:0 y2:719 w:1264 h:720 x:16 y:0 pts:66560 t:4.333333 limit:24.000000 crop=1264:720:16:0
[Parsed_cropdetect_0 @ 0x55eab7d6e800] x1:14 x2:1279 y1:0 y2:719 w:1264 h:720 x:16 y:0 pts:67072 t:4.366667 limit:24.000000 crop=1264:720:16:0
[Parsed_cropdetect_0 @ 0x55eab7d6e800] x1:14 x2:1279 y1:0 y2:719 w:1264 h:720 x:16 y:0 pts:67584 t:4.400000 limit:24.000000 crop=1264:720:16:0
[Parsed_cropdetect_0 @ 0x55eab7d6e800] x1:14 x2:1279 y1:0 y2:719 w:1264 h:720 x:16 y:0 pts:68096 t:4.433333 limit:24.000000 crop=1264:720:16:0
[Parsed_cropdetect_0 @ 0x55eab7d6e800] x1:14 x2:1279 y1:0 y2:719 w:1264 h:720 x:16 y:0 pts:68608 t:4.466667 limit:24.000000 crop=1264:720:16:0
[Parsed_cropdetect_0 @ 0x55eab7d6e800] x1:14 x2:1279 y1:0 y2:719 w:1264 h:720 x:16 y:0 pts:69120 t:4.500000 limit:24.000000 crop=1264:720:16:0
[Parsed_cropdetect_0 @ 0x55eab7d6e800] x1:14 x2:1279 y1:0 y2:719 w:1264 h:720 x:16 y:0 pts:69632 t:4.533333 limit:24.000000 crop=1264:720:16:0
[Parsed_cropdetect_0 @ 0x55eab7d6e800] x1:14 x2:1279 y1:0 y2:719 w:1264 h:720 x:16 y:0 pts:70144 t:4.566667 limit:24.000000 crop=1264:720:16:0
[Parsed_cropdetect_0 @ 0x55eab7d6e800] x1:14 x2:1279 y1:0 y2:719 w:1264 h:720 x:16 y:0 pts:70656 t:4.600000 limit:24.000000 crop=1264:720:16:0
[Parsed_cropdetect_0 @ 0x55eab7d6e800] x1:14 x2:1279 y1:0 y2:719 w:1264 h:720 x:16 y:0 pts:71168 t:4.633333 limit:24.000000 crop=1264:720:16:0
[Parsed_cropdetect_0 @ 0x55eab7d6e800] x1:14 x2:1279 y1:0 y2:719 w:1264 h:720 x:16 y:0 pts:71680 t:4.666667 limit:24.000000 crop=1264:720:16:0
[Parsed_cropdetect_0 @ 0x55eab7d6e800] x1:14 x2:1279 y1:0 y2:719 w:1264 h:720 x:16 y:0 pts:72192 t:4.700000 limit:24.000000 crop=1264:720:16:0
[Parsed_cropdetect_0 @ 0x55eab7d6e800] x1:14 x2:1279 y1:0 y2:719 w:1264 h:720 x:16 y:0 pts:72704 t:4.733333 limit:24.000000 crop=1264:720:16:0
[Parsed_cropdetect_0 @ 0x55eab7d6e800] x1:14 x2:1279 y1:0 y2:719 w:1264 h:720 x:16 y:0 pts:73216 t:4.766667 limit:24.000000 crop=1264:720:16:0
[Parsed_cropdetect_0 @ 0x55eab7d6e800] x1:14 x2:1279 y1:0 y2:719 w:1264 h:720 x:16 y:0 pts:73728 t:4.800000 limit:24.000000 crop=1264:720:16:0
[Parsed_cropdetect_0 @ 0x55eab7d6e800] x1:14 x2:1279 y1:0 y2:719 w:1264 h:720 x:16 y:0 pts:74240 t:4.833333 limit:24.000000 crop=1264:720:16:0
[Parsed_cropdetect_0 @ 0x55eab7d6e800] x1:14 x2:1279 y1:0 y2:719 w:1264 h:720 x:16 y:0 pts:74752 t:4.866667 limit:24.000000 crop=1264:720:16:0
[Parsed_cropdetect_0 @ 0x55eab7d6e800] x1:14 x2:1279 y1:0 y2:719 w:1264 h:720 x:16 y:0 pts:75264 t:4.900000 limit:24.000000 crop=1264:720:16:0
[Parsed_cropdetect_0 @ 0x55eab7d6e800] x1:14 x2:1279 y1:0 y2:719 w:1264 h:720 x:16 y:0 pts:75776 t:4.933333 limit:24.000000 crop=1264:720:16:0
[Parsed_cropdetect_0 @ 0x55eab7d6e800] x1:14 x2:1279 y1:0 y2:719 w:1264 h:720 x:16 y:0 pts:76288 t:4.966667 limit:24.000000 crop=1264:720:16:0
[Parsed_cropdetect_0 @ 0x55eab7d6e800] x1:14 x2:1279 y1:0 y2:719 w:1264 h:720 x:16 y:0 pts:76800 t:5.000000 limit:24.000000 crop=1264:720:16:0
[Parsed_cropdetect_0 @ 0x55eab7d6e800] x1:14 x2:1279 y1:0 y2:719 w:1264 h:720 x:16 y:0 pts:77312 t:5.033333 limit:24.000000 crop=1264:720:16:0
[Parsed_cropdetect_0 @ 0x55eab7d6e800] x1:14 x2:1279 y1:0 y2:719 w:1264 h:720 x:16 y:0 pts:77824 t:5.066667 limit:24.000000 crop=1264:720:16:0
[Parsed_cropdetect_0 @ 0x55eab7d6e800] x1:14 x2:1279 y1:0 y2:719 w:1264 h:720 x:16 y:0 pts:78336 t:5.100000 limit:24.000000 crop=1264:720:16:0
[Parsed_cropdetect_0 @ 0x55eab7d6e800] x1:14 x2:1279 y1:0 y2:719 w:1264 h:720 x:16 y:0 pts:78848 t:5.133333 limit:24.000000 crop=1264:720:16:0
[Parsed_cropdetect_0 @ 0x55eab7d6e800] x1:14 x2:1279 y1:0 y2:719 w:1264 h:720 x:16 y:0 pts:79360 t:5.166667 limit:24.000000 crop=1264:720:16:0
[Parsed_cropdetect_0 @ 0x55eab7d6e800] x1:14 x2:1279 y1:0 y2:719 w:1264 h:720 x:16 y:0 pts:79872 t:5.200000 limit:24.000000 crop=1264:720:16:0
[Parsed_cropdetect_0 @ 0x55eab7d6e800] x1:14 x2:1279 y1:0 y2:719 w:1264 h:720 x:16 y:0 pts:80384 t:5.233333 limit:24.000000 crop=1264:720:16:0
[Parsed_cropdetect_0 @ 0x55eab7d6e800] x1:14 x2:1279 y1:0 y2:719 w:1264 h:720 x:16 y:0 pts:80896 t:5.266667 limit:24.000000 crop=1264:720:16:0
[Parsed_cropdetect_0 @ 0x55eab7d6e800] x1:14 x2:1279 y1:0 y2:719 w:1264 h:720 x:16 y:0 pts:81408 t:5.300000 limit:24.000000 crop=1264:720:16:0
[Parsed_cropdetect_0 @ 0x55eab7d6e800] x1:14 x2:1279 y1:0 y2:719 w:1264 h:720 x:16 y:0 pts:81920 t:5.333333 limit:24.000000 crop=1264:720:16:0
[Parsed_cropdetect_0 @ 0x55eab7d6e800] x1:14 x2:1279 y1:0 y2:719 w:1264 h:720 x:16 y:0 pts:82432 t:5.366667 limit:24.000000 crop=1264:720:16:0
[Parsed_cropdetect_0 @ 0x55eab7d6e800] x1:14 x2:1279 y1:0 y2:719 w:1264 h:720 x:16 y:0 pts:82944 t:5.400000 limit:24.000000 crop=1264:720:16:0
[Parsed_cropdetect_0 @ 0x55eab7d6e800] x1:14 x2:1279 y1:0 y2:719 w:1264 h:720 x:16 y:0 pts:83456 t:5.433333 limit:24.000000 crop=1264:720:16:0
[Parsed_cropdetect_0 @ 0x55eab7d6e800] x1:14 x2:1279 y1:0 y2:719 w:1264 h:720 x:16 y:0 pts:83968 t:5.466667 limit:24.000000 crop=1264:720:16:0
[Parsed_cropdetect_0 @ 0x55eab7d6e800] x1:14 x2:1279 y1:0 y2:719 w:1264 h:720 x:16 y:0 pts:84480 t:5.500000 limit:24.000000 crop=1264:720:16:0
[Parsed_cropdetect_0 @ 0x55eab7d6e800] x1:14 x2:1279 y1:0 y2:719 w:1264 h:720 x:16 y:0 pts:84992 t:5.533333 limit:24.000000 crop=1264:720:16:0
[Parsed_cropdetect_0 @ 0x55eab7d6e800] x1:14 x2:1279 y1:0 y2:719 w:1264 h:720 x:16 y:0 pts:85504 t:5.566667 limit:24.000000 crop=1264:720:16:0
[Parsed_cropdetect_0 @ 0x55eab7d6e800] x1:14 x2:1279 y1:0 y2:719 w:1264 h:720 x:16 y:0 pts:86016 t:5.600000 limit:24.000000 crop=1264:720:16:0
[Parsed_cropdetect_0 @ 0x55eab7d6e800] x1:14 x2:1279 y1:0 y2:719 w:1264 h:720 x:16 y:0 pts:86528 t:5.633333 limit:24.000000 crop=1264:720:16:0
[Parsed_cropdetect_0 @ 0x55eab7d6e800] x1:14 x2:1279 y1:0 y2:719 w:1264 h:720 x:16 y:0 pts:87040 t:5.666667 limit:24.000000 crop=1264:720:16:0
[Parsed_cropdetect_0 @ 0x55eab7d6e800] x1:14 x2:1279 y1:0 y2:719 w:1264 h:720 x:16 y:0 pts:87552 t:5.700000 limit:24.000000 crop=1264:720:16:0
[Parsed_cropdetect_0 @ 0x55eab7d6e800] x1:14 x2:1279 y1:0 y2:719 w:1264 h:720 x:16 y:0 pts:88064 t:5.733333 limit:24.000000 crop=1264:720:16:0
[Parsed_cropdetect_0 @ 0x55eab7d6e800] x1:14 x2:1279 y1:0 y2:719 w:1264 h:720 x:16 y:0 pts:88576 t:5.766667 limit:24.000000 crop=1264:720:16:0
[Parsed_cropdetect_0 @ 0x55eab7d6e800] x1:14 x2:1279 y1:0 y2:719 w:1264 h:720 x:16 y:0 pts:89088 t:5.800000 limit:24.000000 crop=1264:720:16:0
[Parsed_cropdetect_0 @ 0x55eab7d6e800] x1:14 x2:1279 y1:0 y2:719 w:1264 h:720 x:16 y:0 pts:89600 t:5.833333 limit:24.000000 crop=1264:720:16:0
[Parsed_cropdetect_0 @ 0x55eab7d6e800] x1:14 x2:1279 y1:0 y2:719 w:1264 h:720 x:16 y:0 pts:90112 t:5.866667 limit:24.000000 crop=1264:720:16:0
[Parsed_cropdetect_0 @ 0x55eab7d6e800] x1:14 x2:1279 y1:0 y2:719 w:1264 h:720 x:16 y:0 pts:90624 t:5.900000 limit:24.000000 crop=1264:720:16:0
[Parsed_cropdetect_0 @ 0x55eab7d6e800] x1:14 x2:1279 y1:0 y2:719 w:1264 h:720 x:16 y:0 pts:91136 t:5.933333 limit:24.000000 crop=1264:720:16:0
[Parsed_cropdetect_0 @ 0x55eab7d6e800] x1:14 x2:1279 y1:0 y2:719 w:1264 h:720 x:16 y:0 pts:91648 t:5.966667 limit:24.000000 crop=1264:720:16:0
[Parsed_cropdetect_0 @ 0x55eab7d6e800] x1:14 x2:1279 y1:0 y2:719 w:1264 h:720 x:16 y:0 pts:92160 t:6.000000 limit:24.000000 crop=1264:720:16:0
[Parsed_cropdetect_0 @ 0x55eab7d6e800] x1:14 x2:1279 y1:0 y2:719 w:1264 h:720 x:16 y:0 pts:92672 t:6.033333 limit:24.000000 crop=1264:720:16:0
[Parsed_cropdetect_0 @ 0x55eab7d6e800] x1:14 x2:1279 y1:0 y2:719 w:1264 h:720 x:16 y:0 pts:93184 t:6.066667 limit:24.000000 crop=1264:720:16:0
[Parsed_cropdetect_0 @ 0x55eab7d6e800] x1:14 x2:1279 y1:0 y2:719 w:1264 h:720 x:16 y:0 pts:93696 t:6.100000 limit:24.000000 crop=1264:720:16:0
[Parsed_cropdetect_0 @ 0x55eab7d6e800] x1:14 x2:1279 y1:0 y2:719 w:1264 h:720 x:16 y:0 pts:94208 t:6.133333 limit:24.000000 crop=1264:720:16:0
[Parsed_cropdetect_0 @ 0x55eab7d6e800] x1:14 x2:1279 y1:0 y2:719 w:1264 h:720 x:16 y:0 pts:94720 t:6.166667 limit:24.000000 crop=1264:720:16:0
[Parsed_cropdetect_0 @ 0x55eab7d6e800] x1:14 x2:1279 y1:0 y2:719 w:1264 h:720 x:16 y:0 pts:95232 t:6.200000 limit:24.000000 crop=1264:720:16:0
[Parsed_cropdetect_0 @ 0x55eab7d6e800] x1:14 x2:1279 y1:0 y2:719 w:1264 h:720 x:16 y:0 pts:95744 t:6.233333 limit:24.000000 crop=1264:720:16:0
[Parsed_cropdetect_0 @ 0x55eab7d6e800] x1:14 x2:1279 y1:0 y2:719 w:1264 h:720 x:16 y:0 pts:96256 t:6.266667 limit:24.000000 crop=1264:720:16:0
[Parsed_cropdetect_0 @ 0x55eab7d6e800] x1:14 x2:1279 y1:0 y2:719 w:1264 h:720 x:16 y:0 pts:96768 t:6.300000 limit:24.000000 crop=1264:720:16:0
[Parsed_cropdetect_0 @ 0x55eab7d6e800] x1:14 x2:1279 y1:0 y2:719 w:1264 h:720 x:16 y:0 pts:97280 t:6.333333 limit:24.000000 crop=1264:720:16:0
[Parsed_cropdetect_0 @ 0x55eab7d6e800] x1:14 x2:1279 y1:0 y2:719 w:1264 h:720 x:16 y:0 pts:97792 t:6.366667 limit:24.000000 crop=1264:720:16:0
[Parsed_cropdetect_0 @ 0x55eab7d6e800] x1:14 x2:1279 y1:0 y2:719 w:1264 h:720 x:16 y:0 pts:98304 t:6.400000 limit:24.000000 crop=1264:720:16:0
[Parsed_cropdetect_0 @ 0x55eab7d6e800] x1:14 x2:1279 y1:0 y2:719 w:1264 h:720 x:16 y:0 pts:98816 t:6.433333 limit:24.000000 crop=1264:720:16:0
[Parsed_cropdetect_0 @ 0x55eab7d6e800] x1:14 x2:1279 y1:0 y2:719 w:1264 h:720 x:16 y:0 pts:99328 t:6.466667 limit:24.000000 crop=1264:720:16:0
[Parsed_cropdetect_0 @ 0x55eab7d6e800] x1:14 x2:1279 y1:0 y2:719 w:1264 h:720 x:16 y:0 pts:99840 t:6.500000 limit:24.000000 crop=1264:720:16:0
[Parsed_cropdetect_0 @ 0x55eab7d6e800] x1:14 x2:1279 y1:0 y2:719 w:1264 h:720 x:16 y:0 pts:100352 t:6.533333 limit:24.000000 crop=1264:720:16:0
[Parsed_cropdetect_0 @ 0x55eab7d6e800] x1:14 x2:1279 y1:0 y2:719 w:1264 h:720 x:16 y:0 pts:100864 t:6.566667 limit:24.000000 crop=1264:720:16:0
[Parsed_cropdetect_0 @ 0x55eab7d6e800] x1:14 x2:1279 y1:0 y2:719 w:1264 h:720 x:16 y:0 pts:101376 t:6.600000 limit:24.000000 crop=1264:720:16:0
[Parsed_cropdetect_0 @ 0x55eab7d6e800] x1:14 x2:1279 y1:0 y2:719 w:1264 h:720 x:16 y:0 pts:101888 t:6.633333 limit:24.000000 crop=1264:720:16:0
[Parsed_cropdetect_0 @ 0x55eab7d6e800] x1:14 x2:1279 y1:0 y2:719 w:1264 h:720 x:16 y:0 pts:102400 t:6.666667 limit:24.000000 crop=1264:720:16:0
[Parsed_cropdetect_0 @ 0x55eab7d6e800] x1:14 x2:1279 y1:0 y2:719 w:1264 h:720 x:16 y:0 pts:102912 t:6.700000 limit:24.000000 crop=1264:720:16:0
[Parsed_cropdetect_0 @ 0x55eab7d6e800] x1:14 x2:1279 y1:0 y2:719 w:1264 h:720 x:16 y:0 pts:103424 t:6.733333 limit:24.000000 crop=1264:720:16:0
[Parsed_cropdetect_0 @ 0x55eab7d6e800] x1:14 x2:1279 y1:0 y2:719 w:1264 h:720 x:16 y:0 pts:103936 t:6.766667 limit:24.000000 crop=1264:720:16:0
[Parsed_cropdetect_0 @ 0x55eab7d6e800] x1:14 x2:1279 y1:0 y2:719 w:1264 h:720 x:16 y:0 pts:104448 t:6.800000 limit:24.000000 crop=1264:720:16:0
[Parsed_cropdetect_0 @ 0x55eab7d6e800] x1:14 x2:1279 y1:0 y2:719 w:1264 h:720 x:16 y:0 pts:104960 t:6.833333 limit:24.000000 crop=1264:720:16:0
[Parsed_cropdetect_0 @ 0x55eab7d6e800] x1:14 x2:1279 y1:0 y2:719 w:1264 h:720 x:16 y:0 pts:105472 t:6.866667 limit:24.000000 crop=1264:720:16:0
[Parsed_cropdetect_0 @ 0x55eab7d6e800] x1:14 x2:1279 y1:0 y2:719 w:1264 h:720 x:16 y:0 pts:105984 t:6.900000 limit:24.000000 crop=1264:720:16:0
[Parsed_cropdetect_0 @ 0x55eab7d6e800] x1:14 x2:1279 y1:0 y2:719 w:1264 h:720 x:16 y:0 pts:106496 t:6.933333 limit:24.000000 crop=1264:720:16:0
[Parsed_cropdetect_0 @ 0x55eab7d6e800] x1:14 x2:1279 y1:0 y2:719 w:1264 h:720 x:16 y:0 pts:107008 t:6.966667 limit:24.000000 crop=1264:720:16:0
[Parsed_cropdetect_0 @ 0x55eab7d6e800] x1:14 x2:1279 y1:0 y2:719 w:1264 h:720 x:16 y:0 pts:107520 t:7.000000 limit:24.000000 crop=1264:720:16:0
[Parsed_cropdetect_0 @ 0x55eab7d6e800] x1:14 x2:1279 y1:0 y2:719 w:1264 h:720 x:16 y:0 pts:108032 t:7.033333 limit:24.000000 crop=1264:720:16:0
[Parsed_cropdetect_0 @ 0x55eab7d6e800] x1:14 x2:1279 y1:0 y2:719 w:1264 h:720 x:16 y:0 pts:108544 t:7.066667 limit:24.000000 crop=1264:720:16:0
[Parsed_cropdetect_0 @ 0x55eab7d6e800] x1:14 x2:1279 y1:0 y2:719 w:1264 h:720 x:16 y:0 pts:109056 t:7.100000 limit:24.000000 crop=1264:720:16:0
[Parsed_cropdetect_0 @ 0x55eab7d6e800] x1:14 x2:1279 y1:0 y2:719 w:1264 h:720 x:16 y:0 pts:109568 t:7.133333 limit:24.000000 crop=1264:720:16:0
[Parsed_cropdetect_0 @ 0x55eab7d6e800] x1:14 x2:1279 y1:0 y2:719 w:1264 h:720 x:16 y:0 pts:110080 t:7.166667 limit:24.000000 crop=1264:720:16:0
[Parsed_cropdetect_0 @ 0x55eab7d6e800] x1:14 x2:1279 y1:0 y2:719 w:1264 h:720 x:16 y:0 pts:110592 t:7.200000 limit:24.000000 crop=1264:720:16:0
[Parsed_cropdetect_0 @ 0x55eab7d6e800] x1:14 x2:1279 y1:0 y2:719 w:1264 h:720 x:16 y:0 pts:111104 t:7.233333 limit:24.000000 crop=1264:720:16:0
[Parsed_cropdetect_0 @ 0x55eab7d6e800] x1:14 x2:1279 y1:0 y2:719 w:1264 h:720 x:16 y:0 pts:111616 t:7.266667 limit:24.000000 crop=1264:720:16:0
[Parsed_cropdetect_0 @ 0x55eab7d6e800] x1:14 x2:1279 y1:0 y2:719 w:1264 h:720 x:16 y:0 pts:112128 t:7.300000 limit:24.000000 crop=1264:720:16:0
[Parsed_cropdetect_0 @ 0x55eab7d6e800] x1:14 x2:1279 y1:0 y2:719 w:1264 h:720 x:16 y:0 pts:112640 t:7.333333 limit:24.000000 crop=1264:720:16:0
[Parsed_cropdetect_0 @ 0x55eab7d6e800] x1:14 x2:1279 y1:0 y2:719 w:1264 h:720 x:16 y:0 pts:113152 t:7.366667 limit:24.000000 crop=1264:720:16:0
[Parsed_cropdetect_0 @ 0x55eab7d6e800] x1:14 x2:1279 y1:0 y2:719 w:1264 h:720 x:16 y:0 pts:113664 t:7.400000 limit:24.000000 crop=1264:720:16:0
[Parsed_cropdetect_0 @ 0x55eab7d6e800] x1:14 x2:1279 y1:0 y2:719 w:1264 h:720 x:16 y:0 pts:114176 t:7.433333 limit:24.000000 crop=1264:720:16:0
[Parsed_cropdetect_0 @ 0x55eab7d6e800] x1:14 x2:1279 y1:0 y2:719 w:1264 h:720 x:16 y:0 pts:114688 t:7.466667 limit:24.000000 crop=1264:720:16:0
[Parsed_cropdetect_0 @ 0x55eab7d6e800] x1:14 x2:1279 y1:0 y2:719 w:1264 h:720 x:16 y:0 pts:115200 t:7.500000 limit:24.000000 crop=1264:720:16:0
[Parsed_cropdetect_0 @ 0x55eab7d6e800] x1:14 x2:1279 y1:0 y2:719 w:1264 h:720 x:16 y:0 pts:115712 t:7.533333 limit:24.000000 crop=1264:720:16:0
[Parsed_cropdetect_0 @ 0x55eab7d6e800] x1:14 x2:1279 y1:0 y2:719 w:1264 h:720 x:16 y:0 pts:116224 t:7.566667 limit:24.000000 crop=1264:720:16:0
[Parsed_cropdetect_0 @ 0x55eab7d6e800] x1:14 x2:1279 y1:0 y2:719 w:1264 h:720 x:16 y:0 pts:116736 t:7.600000 limit:24.000000 crop=1264:720:16:0
[Parsed_cropdetect_0 @ 0x55eab7d6e800] x1:14 x2:1279 y1:0 y2:719 w:1264 h:720 x:16 y:0 pts:117248 t:7.633333 limit:24.000000 crop=1264:720:16:0
[Parsed_cropdetect_0 @ 0x55eab7d6e800] x1:14 x2:1279 y1:0 y2:719 w:1264 h:720 x:16 y:0 pts:117760 t:7.666667 limit:24.000000 crop=1264:720:16:0
[Parsed_cropdetect_0 @ 0x55eab7d6e800] x1:14 x2:1279 y1:0 y2:719 w:1264 h:720 x:16 y:0 pts:118272 t:7.700000 limit:24.000000 crop=1264:720:16:0
[Parsed_cropdetect_0 @ 0x55eab7d6e800] x1:14 x2:1279 y1:0 y2:719 w:1264 h:720 x:16 y:0 pts:118784 t:7.733333 limit:24.000000 crop=1264:720:16:0
[Parsed_cropdetect_0 @ 0x55eab7d6e800] x1:14 x2:1279 y1:0 y2:719 w:1264 h:720 x:16 y:0 pts:119296 t:7.766667 limit:24.000000 crop=1264:720:16:0
[Parsed_cropdetect_0 @ 0x55eab7d6e800] x1:14 x2:1279 y1:0 y2:719 w:1264 h:720 x:16 y:0 pts:119808 t:7.800000 limit:24.000000 crop=1264:720:16:0
[Parsed_cropdetect_0 @ 0x55eab7d6e800] x1:14 x2:1279 y1:0 y2:719 w:1264 h:720 x:16 y:0 pts:120320 t:7.833333 limit:24.000000 crop=1264:720:16:0
[Parsed_cropdetect_0 @ 0x55eab7d6e800] x1:14 x2:1279 y1:0 y2:719 w:1264 h:720 x:16 y:0 pts:120832 t:7.866667 limit:24.000000 crop=1264:720:16:0
[Parsed_cropdetect_0 @ 0x55eab7d6e800] x1:14 x2:1279 y1:0 y2:719 w:1264 h:720 x:16 y:0 pts:121344 t:7.900000 limit:24.000000 crop=1264:720:16:0
[Parsed_cropdetect_0 @ 0x55eab7d6e800] x1:14 x2:1279 y1:0 y2:719 w:1264 h:720 x:16 y:0 pts:121856 t:7.933333 limit:24.000000 crop=1264:720:16:0
[Parsed_cropdetect_0 @ 0x55eab7d6e800] x1:14 x2:1279 y1:0 y2:719 w:1264 h:720 x:16 y:0 pts:122368 t:7.966667 limit:24.000000 crop=1264:720:16:0
[Parsed_cropdetect_0 @ 0x55eab7d6e800] x1:14 x2:1279 y1:0 y2:719 w:1264 h:720 x:16 y:0 pts:122880 t:8.000000 limit:24.000000 crop=1264:720:16:0
[Parsed_cropdetect_0 @ 0x55eab7d6e800] x1:14 x2:1279 y1:0 y2:719 w:1264 h:720 x:16 y:0 pts:123392 t:8.033333 limit:24.000000 crop=1264:720:16:0
[Parsed_cropdetect_0 @ 0x55eab7d6e800] x1:14 x2:1279 y1:0 y2:719 w:1264 h:720 x:16 y:0 pts:123904 t:8.066667 limit:24.000000 crop=1264:720:16:0
[Parsed_cropdetect_0 @ 0x55eab7d6e800] x1:14 x2:1279 y1:0 y2:719 w:1264 h:720 x:16 y:0 pts:124416 t:8.100000 limit:24.000000 crop=1264:720:16:0
[Parsed_cropdetect_0 @ 0x55eab7d6e800] x1:14 x2:1279 y1:0 y2:719 w:1264 h:720 x:16 y:0 pts:124928 t:8.133333 limit:24.000000 crop=1264:720:16:0
[Parsed_cropdetect_0 @ 0x55eab7d6e800] x1:14 x2:1279 y1:0 y2:719 w:1264 h:720 x:16 y:0 pts:125440 t:8.166667 limit:24.000000 crop=1264:720:16:0
[Parsed_cropdetect_0 @ 0x55eab7d6e800] x1:14 x2:1279 y1:0 y2:719 w:1264 h:720 x:16 y:0 pts:125952 t:8.200000 limit:24.000000 crop=1264:720:16:0
[Parsed_cropdetect_0 @ 0x55eab7d6e800] x1:14 x2:1279 y1:0 y2:719 w:1264 h:720 x:16 y:0 pts:126464 t:8.233333 limit:24.000000 crop=1264:720:16:0
[Parsed_cropdetect_0 @ 0x55eab7d6e800] x1:14 x2:1279 y1:0 y2:719 w:1264 h:720 x:16 y:0 pts:126976 t:8.266667 limit:24.000000 crop=1264:720:16:0
[Parsed_cropdetect_0 @ 0x55eab7d6e800] x1:14 x2:1279 y1:0 y2:719 w:1264 h:720 x:16 y:0 pts:127488 t:8.300000 limit:24.000000 crop=1264:720:16:0
[Parsed_cropdetect_0 @ 0x55eab7d6e800] x1:14 x2:1279 y1:0 y2:719 w:1264 h:720 x:16 y:0 pts:128000 t:8.333333 limit:24.000000 crop=1264:720:16:0
[Parsed_cropdetect_0 @ 0x55eab7d6e800] x1:14 x2:1279 y1:0 y2:719 w:1264 h:720 x:16 y:0 pts:128512 t:8.366667 limit:24.000000 crop=1264:720:16:0
[Parsed_cropdetect_0 @ 0x55eab7d6e800] x1:14 x2:1279 y1:0 y2:719 w:1264 h:720 x:16 y:0 pts:129024 t:8.400000 limit:24.000000 crop=1264:720:16:0
[Parsed_cropdetect_0 @ 0x55eab7d6e800] x1:14 x2:1279 y1:0 y2:719 w:1264 h:720 x:16 y:0 pts:129536 t:8.433333 limit:24.000000 crop=1264:720:16:0
[Parsed_cropdetect_0 @ 0x55eab7d6e800] x1:14 x2:1279 y1:0 y2:719 w:1264 h:720 x:16 y:0 pts:130048 t:8.466667 limit:24.000000 crop=1264:720:16:0
[Parsed_cropdetect_0 @ 0x55eab7d6e800] x1:14 x2:1279 y1:0 y2:719 w:1264 h:720 x:16 y:0 pts:130560 t:8.500000 limit:24.000000 crop=1264:720:16:0
[Parsed_cropdetect_0 @ 0x55eab7d6e800] x1:14 x2:1279 y1:0 y2:719 w:1264 h:720 x:16 y:0 pts:131072 t:8.533333 limit:24.000000 crop=1264:720:16:0
[Parsed_cropdetect_0 @ 0x55eab7d6e800] x1:14 x2:1279 y1:0 y2:719 w:1264 h:720 x:16 y:0 pts:131584 t:8.566667 limit:24.000000 crop=1264:720:16:0
[Parsed_cropdetect_0 @ 0x55eab7d6e800] x1:14 x2:1279 y1:0 y2:719 w:1264 h:720 x:16 y:0 pts:132096 t:8.600000 limit:24.000000 crop=1264:720:16:0
[Parsed_cropdetect_0 @ 0x55eab7d6e800] x1:14 x2:1279 y1:0 y2:719 w:1264 h:720 x:16 y:0 pts:132608 t:8.633333 limit:24.000000 crop=1264:720:16:0
[Parsed_cropdetect_0 @ 0x55eab7d6e800] x1:14 x2:1279 y1:0 y2:719 w:1264 h:720 x:16 y:0 pts:133120 t:8.666667 limit:24.000000 crop=1264:720:16:0
[Parsed_cropdetect_0 @ 0x55eab7d6e800] x1:14 x2:1279 y1:0 y2:719 w:1264 h:720 x:16 y:0 pts:133632 t:8.700000 limit:24.000000 crop=1264:720:16:0
[Parsed_cropdetect_0 @ 0x55eab7d6e800] x1:14 x2:1279 y1:0 y2:719 w:1264 h:720 x:16 y:0 pts:134144 t:8.733333 limit:24.000000 crop=1264:720:16:0
[Parsed_cropdetect_0 @ 0x55eab7d6e800] x1:14 x2:1279 y1:0 y2:719 w:1264 h:720 x:16 y:0 pts:134656 t:8.766667 limit:24.000000 crop=1264:720:16:0
[Parsed_cropdetect_0 @ 0x55eab7d6e800] x1:14 x2:1279 y1:0 y2:719 w:1264 h:720 x:16 y:0 pts:135168 t:8.800000 limit:24.000000 crop=1264:720:16:0
[Parsed_cropdetect_0 @ 0x55eab7d6e800] x1:14 x2:1279 y1:0 y2:719 w:1264 h:720 x:16 y:0 pts:135680 t:8.833333 limit:24.000000 crop=1264:720:16:0
[Parsed_cropdetect_0 @ 0x55eab7d6e800] x1:14 x2:1279 y1:0 y2:719 w:1264 h:720 x:16 y:0 pts:136192 t:8.866667 limit:24.000000 crop=1264:720:16:0
[Parsed_cropdetect_0 @ 0x55eab7d6e800] x1:14 x2:1279 y1:0 y2:719 w:1264 h:720 x:16 y:0 pts:136704 t:8.900000 limit:24.000000 crop=1264:720:16:0
[Parsed_cropdetect_0 @ 0x55eab7d6e800] x1:14 x2:1279 y1:0 y2:719 w:1264 h:720 x:16 y:0 pts:137216 t:8.933333 limit:24.000000 crop=1264:720:16:0
[Parsed_cropdetect_0 @ 0x55eab7d6e800] x1:14 x2:1279 y1:0 y2:719 w:1264 h:720 x:16 y:0 pts:137728 t:8.966667 limit:24.000000 crop=1264:720:16:0
[Parsed_cropdetect_0 @ 0x55eab7d6e800] x1:14 x2:1279 y1:0 y2:719 w:1264 h:720 x:16 y:0 pts:138240 t:9.000000 limit:24.000000 crop=1264:720:16:0
[Parsed_cropdetect_0 @ 0x55eab7d6e800] x1:14 x2:1279 y1:0 y2:719 w:1264 h:720 x:16 y:0 pts:138752 t:9.033333 limit:24.000000 crop=1264:720:16:0
[Parsed_cropdetect_0 @ 0x55eab7d6e800] x1:14 x2:1279 y1:0 y2:719 w:1264 h:720 x:16 y:0 pts:139264 t:9.066667 limit:24.000000 crop=1264:720:16:0
[Parsed_cropdetect_0 @ 0x55eab7d6e800] x1:14 x2:1279 y1:0 y2:719 w:1264 h:720 x:16 y:0 pts:139776 t:9.100000 limit:24.000000 crop=1264:720:16:0
[Parsed_cropdetect_0 @ 0x55eab7d6e800] x1:14 x2:1279 y1:0 y2:719 w:1264 h:720 x:16 y:0 pts:140288 t:9.133333 limit:24.000000 crop=1264:720:16:0
[Parsed_cropdetect_0 @ 0x55eab7d6e800] x1:14 x2:1279 y1:0 y2:719 w:1264 h:720 x:16 y:0 pts:140800 t:9.166667 limit:24.000000 crop=1264:720:16:0
[Parsed_cropdetect_0 @ 0x55eab7d6e800] x1:14 x2:1279 y1:0 y2:719 w:1264 h:720 x:16 y:0 pts:141312 t:9.200000 limit:24.000000 crop=1264:720:16:0
[Parsed_cropdetect_0 @ 0x55eab7d6e800] x1:14 x2:1279 y1:0 y2:719 w:1264 h:720 x:16 y:0 pts:141824 t:9.233333 limit:24.000000 crop=1264:720:16:0
[Parsed_cropdetect_0 @ 0x55eab7d6e800] x1:14 x2:1279 y1:0 y2:719 w:1264 h:720 x:16 y:0 pts:142336 t:9.266667 limit:24.000000 crop=1264:720:16:0
[Parsed_cropdetect_0 @ 0x55eab7d6e800] x1:14 x2:1279 y1:0 y2:719 w:1264 h:720 x:16 y:0 pts:142848 t:9.300000 limit:24.000000 crop=1264:720:16:0
[Parsed_cropdetect_0 @ 0x55eab7d6e800] x1:14 x2:1279 y1:0 y2:719 w:1264 h:720 x:16 y:0 pts:143360 t:9.333333 limit:24.000000 crop=1264:720:16:0
[Parsed_cropdetect_0 @ 0x55eab7d6e800] x1:14 x2:1279 y1:0 y2:719 w:1264 h:720 x:16 y:0 pts:143872 t:9.366667 limit:24.000000 crop=1264:720:16:0
[Parsed_cropdetect_0 @ 0x55eab7d6e800] x1:14 x2:1279 y1:0 y2:719 w:1264 h:720 x:16 y:0 pts:144384 t:9.400000 limit:24.000000 crop=1264:720:16:0
[Parsed_cropdetect_0 @ 0x55eab7d6e800] x1:14 x2:1279 y1:0 y2:719 w:1264 h:720 x:16 y:0 pts:144896 t:9.433333 limit:24.000000 crop=1264:720:16:0
[Parsed_cropdetect_0 @ 0x55eab7d6e800] x1:14 x2:1279 y1:0 y2:719 w:1264 h:720 x:16 y:0 pts:145408 t:9.466667 limit:24.000000 crop=1264:720:16:0
[Parsed_cropdetect_0 @ 0x55eab7d6e800] x1:14 x2:1279 y1:0 y2:719 w:1264 h:720 x:16 y:0 pts:145920 t:9.500000 limit:24.000000 crop=1264:720:16:0
[Parsed_cropdetect_0 @ 0x55eab7d6e800] x1:14 x2:1279 y1:0 y2:719 w:1264 h:720 x:16 y:0 pts:146432 t:9.533333 limit:24.000000 crop=1264:720:16:0
[Parsed_cropdetect_0 @ 0x55eab7d6e800] x1:14 x2:1279 y1:0 y2:719 w:1264 h:720 x:16 y:0 pts:146944 t:9.566667 limit:24.000000 crop=1264:720:16:0
[Parsed_cropdetect_0 @ 0x55eab7d6e800] x1:14 x2:1279 y1:0 y2:719 w:1264 h:720 x:16 y:0 pts:147456 t:9.600000 limit:24.000000 crop=1264:720:16:0
[Parsed_cropdetect_0 @ 0x55eab7d6e800] x1:14 x2:1279 y1:0 y2:719 w:1264 h:720 x:16 y:0 pts:147968 t:9.633333 limit:24.000000 crop=1264:720:16:0
[Parsed_cropdetect_0 @ 0x55eab7d6e800] x1:14 x2:1279 y1:0 y2:719 w:1264 h:720 x:16 y:0 pts:148480 t:9.666667 limit:24.000000 crop=1264:720:16:0
[Parsed_cropdetect_0 @ 0x55eab7d6e800] x1:14 x2:1279 y1:0 y2:719 w:1264 h:720 x:16 y:0 pts:148992 t:9.700000 limit:24.000000 crop=1264:720:16:0
[Parsed_cropdetect_0 @ 0x55eab7d6e800] x1:14 x2:1279 y1:0 y2:719 w:1264 h:720 x:16 y:0 pts:149504 t:9.733333 limit:24.000000 crop=1264:720:16:0
[Parsed_cropdetect_0 @ 0x55eab7d6e800] x1:14 x2:1279 y1:0 y2:719 w:1264 h:720 x:16 y:0 pts:150016 t:9.766667 limit:24.000000 crop=1264:720:16:0
[Parsed_cropdetect_0 @ 0x55eab7d6e800] x1:14 x2:1279 y1:0 y2:719 w:1264 h:720 x:16 y:0 pts:150528 t:9.800000 limit:24.000000 crop=1264:720:16:0
[Parsed_cropdetect_0 @ 0x55eab7d6e800] x1:14 x2:1279 y1:0 y2:719 w:1264 h:720 x:16 y:0 pts:151040 t:9.833333 limit:24.000000 crop=1264:720:16:0
[Parsed_cropdetect_0 @ 0x55eab7d6e800] x1:14 x2:1279 y1:0 y2:719 w:1264 h:720 x:16 y:0 pts:151552 t:9.866667 limit:24.000000 crop=1264:720:16:0
[Parsed_cropdetect_0 @ 0x55eab7d6e800] x1:14 x2:1279 y1:0 y2:719 w:1264 h:720 x:16 y:0 pts:152064 t:9.900000 limit:24.000000 crop=1264:720:16:0
[Parsed_cropdetect_0 @ 0x55eab7d6e800] x1:14 x2:1279 y1:0 y2:719 w:1264 h:720 x:16 y:0 pts:152576 t:9.933333 limit:24.000000 crop=1264:720:16:0
[Parsed_cropdetect_0 @ 0x55eab7d6e800] x1:14 x2:1279 y1:0 y2:719 w:1264 h:720 x:16 y:0 pts:153088 t:9.966667 limit:24.000000 crop=1264:720:16:0
[Parsed_cropdetect_0 @ 0x55eab7d6e800] x1:14 x2:1279 y1:0 y2:719 w:1264 h:720 x:16 y:0 pts:153600 t:10.000000 limit:24.000000 crop=1264:720:16:0
[Parsed_cropdetect_0 @ 0x55eab7d6e800] x1:14 x2:1279 y1:0 y2:719 w:1264 h:720 x:16 y:0 pts:154112 t:10.033333 limit:24.000000 crop=1264:720:16:0
[Parsed_cropdetect_0 @ 0x55eab7d6e800] x1:14 x2:1279 y1:0 y2:719 w:1264 h:720 x:16 y:0 pts:154624 t:10.066667 limit:24.000000 crop=1264:720:16:0
[Parsed_cropdetect_0 @ 0x55eab7d6e800] x1:14 x2:1279 y1:0 y2:719 w:1264 h:720 x:16 y:0 pts:155136 t:10.100000 limit:24.000000 crop=1264:720:16:0
[Parsed_cropdetect_0 @ 0x55eab7d6e800] x1:14 x2:1279 y1:0 y2:719 w:1264 h:720 x:16 y:0 pts:155648 t:10.133333 limit:24.000000 crop=1264:720:16:0
[Parsed_cropdetect_0 @ 0x55eab7d6e800] x1:14 x2:1279 y1:0 y2:719 w:1264 h:720 x:16 y:0 pts:156160 t:10.166667 limit:24.000000 crop=1264:720:16:0
[Parsed_cropdetect_0 @ 0x55eab7d6e800] x1:14 x2:1279 y1:0 y2:719 w:1264 h:720 x:16 y:0 pts:156672 t:10.200000 limit:24.000000 crop=1264:720:16:0
[Parsed_cropdetect_0 @ 0x55eab7d6e800] x1:14 x2:1279 y1:0 y2:719 w:1264 h:720 x:16 y:0 pts:157184 t:10.233333 limit:24.000000 crop=1264:720:16:0
[Parsed_cropdetect_0 @ 0x55eab7d6e800] x1:14 x2:1279 y1:0 y2:719 w:1264 h:720 x:16 y:0 pts:157696 t:10.266667 limit:24.000000 crop=1264:720:16:0
[Parsed_cropdetect_0 @ 0x55eab7d6e800] x1:14 x2:1279 y1:0 y2:719 w:1264 h:720 x:16 y:0 pts:158208 t:10.300000 limit:24.000000 crop=1264:720:16:0
[Parsed_cropdetect_0 @ 0x55eab7d6e800] x1:14 x2:1279 y1:0 y2:719 w:1264 h:720 x:16 y:0 pts:158720 t:10.333333 limit:24.000000 crop=1264:720:16:0
[Parsed_cropdetect_0 @ 0x55eab7d6e800] x1:14 x2:1279 y1:0 y2:719 w:1264 h:720 x:16 y:0 pts:159232 t:10.366667 limit:24.000000 crop=1264:720:16:0
[Parsed_cropdetect_0 @ 0x55eab7d6e800] x1:14 x2:1279 y1:0 y2:719 w:1264 h:720 x:16 y:0 pts:159744 t:10.400000 limit:24.000000 crop=1264:720:16:0
[Parsed_cropdetect_0 @ 0x55eab7d6e800] x1:14 x2:1279 y1:0 y2:719 w:1264 h:720 x:16 y:0 pts:160256 t:10.433333 limit:24.000000 crop=1264:720:16:0
[Parsed_cropdetect_0 @ 0x55eab7d6e800] x1:14 x2:1279 y1:0 y2:719 w:1264 h:720 x:16 y:0 pts:160768 t:10.466667 limit:24.000000 crop=1264:720:16:0
[Parsed_cropdetect_0 @ 0x55eab7d6e800] x1:14 x2:1279 y1:0 y2:719 w:1264 h:720 x:16 y:0 pts:161280 t:10.500000 limit:24.000000 crop=1264:720:16:0
[Parsed_cropdetect_0 @ 0x55eab7d6e800] x1:14 x2:1279 y1:0 y2:719 w:1264 h:720 x:16 y:0 pts:161792 t:10.533333 limit:24.000000 crop=1264:720:16:0
[Parsed_cropdetect_0 @ 0x55eab7d6e800] x1:14 x2:1279 y1:0 y2:719 w:1264 h:720 x:16 y:0 pts:162304 t:10.566667 limit:24.000000 crop=1264:720:16:0
[Parsed_cropdetect_0 @ 0x55eab7d6e800] x1:14 x2:1279 y1:0 y2:719 w:1264 h:720 x:16 y:0 pts:162816 t:10.600000 limit:24.000000 crop=1264:720:16:0
[Parsed_cropdetect_0 @ 0x55eab7d6e800] x1:14 x2:1279 y1:0 y2:719 w:1264 h:720 x:16 y:0 pts:163328 t:10.633333 limit:24.000000 crop=1264:720:16:0
[Parsed_cropdetect_0 @ 0x55eab7d6e800] x1:14 x2:1279 y1:0 y2:719 w:1264 h:720 x:16 y:0 pts:163840 t:10.666667 limit:24.000000 crop=1264:720:16:0
[Parsed_cropdetect_0 @ 0x55eab7d6e800] x1:14 x2:1279 y1:0 y2:719 w:1264 h:720 x:16 y:0 pts:164352 t:10.700000 limit:24.000000 crop=1264:720:16:0
[Parsed_cropdetect_0 @ 0x55eab7d6e800] x1:14 x2:1279 y1:0 y2:719 w:1264 h:720 x:16 y:0 pts:164864 t:10.733333 limit:24.000000 crop=1264:720:16:0
[Parsed_cropdetect_0 @ 0x55eab7d6e800] x1:14 x2:1279 y1:0 y2:719 w:1264 h:720 x:16 y:0 pts:165376 t:10.766667 limit:24.000000 crop=1264:720:16:0
[Parsed_cropdetect_0 @ 0x55eab7d6e800] x1:14 x2:1279 y1:0 y2:719 w:1264 h:720 x:16 y:0 pts:165888 t:10.800000 limit:24.000000 crop=1264:720:16:0
[Parsed_cropdetect_0 @ 0x55eab7d6e800] x1:14 x2:1279 y1:0 y2:719 w:1264 h:720 x:16 y:0 pts:166400 t:10.833333 limit:24.000000 crop=1264:720:16:0
[Parsed_cropdetect_0 @ 0x55eab7d6e800] x1:14 x2:1279 y1:0 y2:719 w:1264 h:720 x:16 y:0 pts:166912 t:10.866667 limit:24.000000 crop=1264:720:16:0
[Parsed_cropdetect_0 @ 0x55eab7d6e800] x1:14 x2:1279 y1:0 y2:719 w:1264 h:720 x:16 y:0 pts:167424 t:10.900000 limit:24.000000 crop=1264:720:16:0
[Parsed_cropdetect_0 @ 0x55eab7d6e800] x1:14 x2:1279 y1:0 y2:719 w:1264 h:720 x:16 y:0 pts:167936 t:10.933333 limit:24.000000 crop=1264:720:16:0
[Parsed_cropdetect_0 @ 0x55eab7d6e800] x1:14 x2:1279 y1:0 y2:719 w:1264 h:720 x:16 y:0 pts:168448 t:10.966667 limit:24.000000 crop=1264:720:16:0
[Parsed_cropdetect_0 @ 0x55eab7d6e800] x1:14 x2:1279 y1:0 y2:719 w:1264 h:720 x:16 y:0 pts:168960 t:11.000000 limit:24.000000 crop=1264:720:16:0
[Parsed_cropdetect_0 @ 0x55eab7d6e800] x1:14 x2:1279 y1:0 y2:719 w:1264 h:720 x:16 y:0 pts:169472 t:11.033333 limit:24.000000 crop=1264:720:16:0
[Parsed_cropdetect_0 @ 0x55eab7d6e800] x1:14 x2:1279 y1:0 y2:719 w:1264 h:720 x:16 y:0 pts:169984 t:11.066667 limit:24.000000 crop=1264:720:16:0
[Parsed_cropdetect_0 @ 0x55eab7d6e800] x1:14 x2:1279 y1:0 y2:719 w:1264 h:720 x:16 y:0 pts:170496 t:11.100000 limit:24.000000 crop=1264:720:16:0
[Parsed_cropdetect_0 @ 0x55eab7d6e800] x1:14 x2:1279 y1:0 y2:719 w:1264 h:720 x:16 y:0 pts:171008 t:11.133333 limit:24.000000 crop=1264:720:16:0
[Parsed_cropdetect_0 @ 0x55eab7d6e800] x1:14 x2:1279 y1:0 y2:719 w:1264 h:720 x:16 y:0 pts:171520 t:11.166667 limit:24.000000 crop=1264:720:16:0
[Parsed_cropdetect_0 @ 0x55eab7d6e800] x1:14 x2:1279 y1:0 y2:719 w:1264 h:720 x:16 y:0 pts:172032 t:11.200000 limit:24.000000 crop=1264:720:16:0
[Parsed_cropdetect_0 @ 0x55eab7d6e800] x1:14 x2:1279 y1:0 y2:719 w:1264 h:720 x:16 y:0 pts:172544 t:11.233333 limit:24.000000 crop=1264:720:16:0
[Parsed_cropdetect_0 @ 0x55eab7d6e800] x1:14 x2:1279 y1:0 y2:719 w:1264 h:720 x:16 y:0 pts:173056 t:11.266667 limit:24.000000 crop=1264:720:16:0
[Parsed_cropdetect_0 @ 0x55eab7d6e800] x1:14 x2:1279 y1:0 y2:719 w:1264 h:720 x:16 y:0 pts:173568 t:11.300000 limit:24.000000 crop=1264:720:16:0
[Parsed_cropdetect_0 @ 0x55eab7d6e800] x1:14 x2:1279 y1:0 y2:719 w:1264 h:720 x:16 y:0 pts:174080 t:11.333333 limit:24.000000 crop=1264:720:16:0
[Parsed_cropdetect_0 @ 0x55eab7d6e800] x1:14 x2:1279 y1:0 y2:719 w:1264 h:720 x:16 y:0 pts:174592 t:11.366667 limit:24.000000 crop=1264:720:16:0
[Parsed_cropdetect_0 @ 0x55eab7d6e800] x1:14 x2:1279 y1:0 y2:719 w:1264 h:720 x:16 y:0 pts:175104 t:11.400000 limit:24.000000 crop=1264:720:16:0
[Parsed_cropdetect_0 @ 0x55eab7d6e800] x1:14 x2:1279 y1:0 y2:719 w:1264 h:720 x:16 y:0 pts:175616 t:11.433333 limit:24.000000 crop=1264:720:16:0
[Parsed_cropdetect_0 @ 0x55eab7d6e800] x1:14 x2:1279 y1:0 y2:719 w:1264 h:720 x:16 y:0 pts:176128 t:11.466667 limit:24.000000 crop=1264:720:16:0
[Parsed_cropdetect_0 @ 0x55eab7d6e800] x1:14 x2:1279 y1:0 y2:719 w:1264 h:720 x:16 y:0 pts:176640 t:11.500000 limit:24.000000 crop=1264:720:16:0
[Parsed_cropdetect_0 @ 0x55eab7d6e800] x1:14 x2:1279 y1:0 y2:719 w:1264 h:720 x:16 y:0 pts:177152 t:11.533333 limit:24.000000 crop=1264:720:16:0
[Parsed_cropdetect_0 @ 0x55eab7d6e800] x1:14 x2:1279 y1:0 y2:719 w:1264 h:720 x:16 y:0 pts:177664 t:11.566667 limit:24.000000 crop=1264:720:16:0
[Parsed_cropdetect_0 @ 0x55eab7d6e800] x1:14 x2:1279 y1:0 y2:719 w:1264 h:720 x:16 y:0 pts:178176 t:11.600000 limit:24.000000 crop=1264:720:16:0
[Parsed_cropdetect_0 @ 0x55eab7d6e800] x1:14 x2:1279 y1:0 y2:719 w:1264 h:720 x:16 y:0 pts:178688 t:11.633333 limit:24.000000 crop=1264:720:16:0
[Parsed_cropdetect_0 @ 0x55eab7d6e800] x1:14 x2:1279 y1:0 y2:719 w:1264 h:720 x:16 y:0 pts:179200 t:11.666667 limit:24.000000 crop=1264:720:16:0
[Parsed_cropdetect_0 @ 0x55eab7d6e800] x1:14 x2:1279 y1:0 y2:719 w:1264 h:720 x:16 y:0 pts:179712 t:11.700000 limit:24.000000 crop=1264:720:16:0
[Parsed_cropdetect_0 @ 0x55eab7d6e800] x1:14 x2:1279 y1:0 y2:719 w:1264 h:720 x:16 y:0 pts:180224 t:11.733333 limit:24.000000 crop=1264:720:16:0
[Parsed_cropdetect_0 @ 0x55eab7d6e800] x1:14 x2:1279 y1:0 y2:719 w:1264 h:720 x:16 y:0 pts:180736 t:11.766667 limit:24.000000 crop=1264:720:16:0
[Parsed_cropdetect_0 @ 0x55eab7d6e800] x1:14 x2:1279 y1:0 y2:719 w:1264 h:720 x:16 y:0 pts:181248 t:11.800000 limit:24.000000 crop=1264:720:16:0
[Parsed_cropdetect_0 @ 0x55eab7d6e800] x1:14 x2:1279 y1:0 y2:719 w:1264 h:720 x:16 y:0 pts:181760 t:11.833333 limit:24.000000 crop=1264:720:16:0
[Parsed_cropdetect_0 @ 0x55eab7d6e800] x1:14 x2:1279 y1:0 y2:719 w:1264 h:720 x:16 y:0 pts:182272 t:11.866667 limit:24.000000 crop=1264:720:16:0
[Parsed_cropdetect_0 @ 0x55eab7d6e800] x1:14 x2:1279 y1:0 y2:719 w:1264 h:720 x:16 y:0 pts:182784 t:11.900000 limit:24.000000 crop=1264:720:16:0
[Parsed_cropdetect_0 @ 0x55eab7d6e800] x1:14 x2:1279 y1:0 y2:719 w:1264 h:720 x:16 y:0 pts:183296 t:11.933333 limit:24.000000 crop=1264:720:16:0
[Parsed_cropdetect_0 @ 0x55eab7d6e800] x1:14 x2:1279 y1:0 y2:719 w:1264 h:720 x:16 y:0 pts:183808 t:11.966667 limit:24.000000 crop=1264:720:16:0
[Parsed_cropdetect_0 @ 0x55eab7d6e800] x1:14 x2:1279 y1:0 y2:719 w:1264 h:720 x:16 y:0 pts:184320 t:12.000000 limit:24.000000 crop=1264:720:16:0
[Parsed_cropdetect_0 @ 0x55eab7d6e800] x1:14 x2:1279 y1:0 y2:719 w:1264 h:720 x:16 y:0 pts:184832 t:12.033333 limit:24.000000 crop=1264:720:16:0
[Parsed_cropdetect_0 @ 0x55eab7d6e800] x1:14 x2:1279 y1:0 y2:719 w:1264 h:720 x:16 y:0 pts:185344 t:12.066667 limit:24.000000 crop=1264:720:16:0
[Parsed_cropdetect_0 @ 0x55eab7d6e800] x1:14 x2:1279 y1:0 y2:719 w:1264 h:720 x:16 y:0 pts:185856 t:12.100000 limit:24.000000 crop=1264:720:16:0
[Parsed_cropdetect_0 @ 0x55eab7d6e800] x1:14 x2:1279 y1:0 y2:719 w:1264 h:720 x:16 y:0 pts:186368 t:12.133333 limit:24.000000 crop=1264:720:16:0
[Parsed_cropdetect_0 @ 0x55eab7d6e800] x1:14 x2:1279 y1:0 y2:719 w:1264 h:720 x:16 y:0 pts:186880 t:12.166667 limit:24.000000 crop=1264:720:16:0
[Parsed_cropdetect_0 @ 0x55eab7d6e800] x1:14 x2:1279 y1:0 y2:719 w:1264 h:720 x:16 y:0 pts:187392 t:12.200000 limit:24.000000 crop=1264:720:16:0
[Parsed_cropdetect_0 @ 0x55eab7d6e800] x1:14 x2:1279 y1:0 y2:719 w:1264 h:720 x:16 y:0 pts:187904 t:12.233333 limit:24.000000 crop=1264:720:16:0
[Parsed_cropdetect_0 @ 0x55eab7d6e800] x1:14 x2:1279 y1:0 y2:719 w:1264 h:720 x:16 y:0 pts:188416 t:12.266667 limit:24.000000 crop=1264:720:16:0
[Parsed_cropdetect_0 @ 0x55eab7d6e800] x1:14 x2:1279 y1:0 y2:719 w:1264 h:720 x:16 y:0 pts:188928 t:12.300000 limit:24.000000 crop=1264:720:16:0
[Parsed_cropdetect_0 @ 0x55eab7d6e800] x1:14 x2:1279 y1:0 y2:719 w:1264 h:720 x:16 y:0 pts:189440 t:12.333333 limit:24.000000 crop=1264:720:16:0
[Parsed_cropdetect_0 @ 0x55eab7d6e800] x1:14 x2:1279 y1:0 y2:719 w:1264 h:720 x:16 y:0 pts:189952 t:12.366667 limit:24.000000 crop=1264:720:16:0
[Parsed_cropdetect_0 @ 0x55eab7d6e800] x1:14 x2:1279 y1:0 y2:719 w:1264 h:720 x:16 y:0 pts:190464 t:12.400000 limit:24.000000 crop=1264:720:16:0
[Parsed_cropdetect_0 @ 0x55eab7d6e800] x1:14 x2:1279 y1:0 y2:719 w:1264 h:720 x:16 y:0 pts:190976 t:12.433333 limit:24.000000 crop=1264:720:16:0
[Parsed_cropdetect_0 @ 0x55eab7d6e800] x1:14 x2:1279 y1:0 y2:719 w:1264 h:720 x:16 y:0 pts:191488 t:12.466667 limit:24.000000 crop=1264:720:16:0
[Parsed_cropdetect_0 @ 0x55eab7d6e800] x1:14 x2:1279 y1:0 y2:719 w:1264 h:720 x:16 y:0 pts:192000 t:12.500000 limit:24.000000 crop=1264:720:16:0
[Parsed_cropdetect_0 @ 0x55eab7d6e800] x1:14 x2:1279 y1:0 y2:719 w:1264 h:720 x:16 y:0 pts:192512 t:12.533333 limit:24.000000 crop=1264:720:16:0
[Parsed_cropdetect_0 @ 0x55eab7d6e800] x1:14 x2:1279 y1:0 y2:719 w:1264 h:720 x:16 y:0 pts:193024 t:12.566667 limit:24.000000 crop=1264:720:16:0
[Parsed_cropdetect_0 @ 0x55eab7d6e800] x1:14 x2:1279 y1:0 y2:719 w:1264 h:720 x:16 y:0 pts:193536 t:12.600000 limit:24.000000 crop=1264:720:16:0
[Parsed_cropdetect_0 @ 0x55eab7d6e800] x1:14 x2:1279 y1:0 y2:719 w:1264 h:720 x:16 y:0 pts:194048 t:12.633333 limit:24.000000 crop=1264:720:16:0
[Parsed_cropdetect_0 @ 0x55eab7d6e800] x1:14 x2:1279 y1:0 y2:719 w:1264 h:720 x:16 y:0 pts:194560 t:12.666667 limit:24.000000 crop=1264:720:16:0
[Parsed_cropdetect_0 @ 0x55eab7d6e800] x1:14 x2:1279 y1:0 y2:719 w:1264 h:720 x:16 y:0 pts:195072 t:12.700000 limit:24.000000 crop=1264:720:16:0
[Parsed_cropdetect_0 @ 0x55eab7d6e800] x1:14 x2:1279 y1:0 y2:719 w:1264 h:720 x:16 y:0 pts:195584 t:12.733333 limit:24.000000 crop=1264:720:16:0
[Parsed_cropdetect_0 @ 0x55eab7d6e800] x1:14 x2:1279 y1:0 y2:719 w:1264 h:720 x:16 y:0 pts:196096 t:12.766667 limit:24.000000 crop=1264:720:16:0
[Parsed_cropdetect_0 @ 0x55eab7d6e800] x1:14 x2:1279 y1:0 y2:719 w:1264 h:720 x:16 y:0 pts:196608 t:12.800000 limit:24.000000 crop=1264:720:16:0
[Parsed_cropdetect_0 @ 0x55eab7d6e800] x1:14 x2:1279 y1:0 y2:719 w:1264 h:720 x:16 y:0 pts:197120 t:12.833333 limit:24.000000 crop=1264:720:16:0
[Parsed_cropdetect_0 @ 0x55eab7d6e800] x1:14 x2:1279 y1:0 y2:719 w:1264 h:720 x:16 y:0 pts:197632 t:12.866667 limit:24.000000 crop=1264:720:16:0
[Parsed_cropdetect_0 @ 0x55eab7d6e800] x1:14 x2:1279 y1:0 y2:719 w:1264 h:720 x:16 y:0 pts:198144 t:12.900000 limit:24.000000 crop=1264:720:16:0
[Parsed_cropdetect_0 @ 0x55eab7d6e800] x1:14 x2:1279 y1:0 y2:719 w:1264 h:720 x:16 y:0 pts:198656 t:12.933333 limit:24.000000 crop=1264:720:16:0
[Parsed_cropdetect_0 @ 0x55eab7d6e800] x1:14 x2:1279 y1:0 y2:719 w:1264 h:720 x:16 y:0 pts:199168 t:12.966667 limit:24.000000 crop=1264:720:16:0
[Parsed_cropdetect_0 @ 0x55eab7d6e800] x1:14 x2:1279 y1:0 y2:719 w:1264 h:720 x:16 y:0 pts:199680 t:13.000000 limit:24.000000 crop=1264:720:16:0
[Parsed_cropdetect_0 @ 0x55eab7d6e800] x1:14 x2:1279 y1:0 y2:719 w:1264 h:720 x:16 y:0 pts:200192 t:13.033333 limit:24.000000 crop=1264:720:16:0
[Parsed_cropdetect_0 @ 0x55eab7d6e800] x1:14 x2:1279 y1:0 y2:719 w:1264 h:720 x:16 y:0 pts:200704 t:13.066667 limit:24.000000 crop=1264:720:16:0
[Parsed_cropdetect_0 @ 0x55eab7d6e800] x1:14 x2:1279 y1:0 y2:719 w:1264 h:720 x:16 y:0 pts:201216 t:13.100000 limit:24.000000 crop=1264:720:16:0
[Parsed_cropdetect_0 @ 0x55eab7d6e800] x1:14 x2:1279 y1:0 y2:719 w:1264 h:720 x:16 y:0 pts:201728 t:13.133333 limit:24.000000 crop=1264:720:16:0
[Parsed_cropdetect_0 @ 0x55eab7d6e800] x1:14 x2:1279 y1:0 y2:719 w:1264 h:720 x:16 y:0 pts:202240 t:13.166667 limit:24.000000 crop=1264:720:16:0
[Parsed_cropdetect_0 @ 0x55eab7d6e800] x1:14 x2:1279 y1:0 y2:719 w:1264 h:720 x:16 y:0 pts:202752 t:13.200000 limit:24.000000 crop=1264:720:16:0
[Parsed_cropdetect_0 @ 0x55eab7d6e800] x1:14 x2:1279 y1:0 y2:719 w:1264 h:720 x:16 y:0 pts:203264 t:13.233333 limit:24.000000 crop=1264:720:16:0
[Parsed_cropdetect_0 @ 0x55eab7d6e800] x1:14 x2:1279 y1:0 y2:719 w:1264 h:720 x:16 y:0 pts:203776 t:13.266667 limit:24.000000 crop=1264:720:16:0
[Parsed_cropdetect_0 @ 0x55eab7d6e800] x1:14 x2:1279 y1:0 y2:719 w:1264 h:720 x:16 y:0 pts:204288 t:13.300000 limit:24.000000 crop=1264:720:16:0
[Parsed_cropdetect_0 @ 0x55eab7d6e800] x1:14 x2:1279 y1:0 y2:719 w:1264 h:720 x:16 y:0 pts:204800 t:13.333333 limit:24.000000 crop=1264:720:16:0
[Parsed_cropdetect_0 @ 0x55eab7d6e800] x1:14 x2:1279 y1:0 y2:719 w:1264 h:720 x:16 y:0 pts:205312 t:13.366667 limit:24.000000 crop=1264:720:16:0
[Parsed_cropdetect_0 @ 0x55eab7d6e800] x1:14 x2:1279 y1:0 y2:719 w:1264 h:720 x:16 y:0 pts:205824 t:13.400000 limit:24.000000 crop=1264:720:16:0
[Parsed_cropdetect_0 @ 0x55eab7d6e800] x1:14 x2:1279 y1:0 y2:719 w:1264 h:720 x:16 y:0 pts:206336 t:13.433333 limit:24.000000 crop=1264:720:16:0
[Parsed_cropdetect_0 @ 0x55eab7d6e800] x1:14 x2:1279 y1:0 y2:719 w:1264 h:720 x:16 y:0 pts:206848 t:13.466667 limit:24.000000 crop=1264:720:16:0
[Parsed_cropdetect_0 @ 0x55eab7d6e800] x1:14 x2:1279 y1:0 y2:719 w:1264 h:720 x:16 y:0 pts:207360 t:13.500000 limit:24.000000 crop=1264:720:16:0
[Parsed_cropdetect_0 @ 0x55eab7d6e800] x1:14 x2:1279 y1:0 y2:719 w:1264 h:720 x:16 y:0 pts:207872 t:13.533333 limit:24.000000 crop=1264:720:16:0
[Parsed_cropdetect_0 @ 0x55eab7d6e800] x1:14 x2:1279 y1:0 y2:719 w:1264 h:720 x:16 y:0 pts:208384 t:13.566667 limit:24.000000 crop=1264:720:16:0
[Parsed_cropdetect_0 @ 0x55eab7d6e800] x1:14 x2:1279 y1:0 y2:719 w:1264 h:720 x:16 y:0 pts:208896 t:13.600000 limit:24.000000 crop=1264:720:16:0
[Parsed_cropdetect_0 @ 0x55eab7d6e800] x1:14 x2:1279 y1:0 y2:719 w:1264 h:720 x:16 y:0 pts:209408 t:13.633333 limit:24.000000 crop=1264:720:16:0
[Parsed_cropdetect_0 @ 0x55eab7d6e800] x1:14 x2:1279 y1:0 y2:719 w:1264 h:720 x:16 y:0 pts:209920 t:13.666667 limit:24.000000 crop=1264:720:16:0
[Parsed_cropdetect_0 @ 0x55eab7d6e800] x1:14 x2:1279 y1:0 y2:719 w:1264 h:720 x:16 y:0 pts:210432 t:13.700000 limit:24.000000 crop=1264:720:16:0
[Parsed_cropdetect_0 @ 0x55eab7d6e800] x1:14 x2:1279 y1:0 y2:719 w:1264 h:720 x:16 y:0 pts:210944 t:13.733333 limit:24.000000 crop=1264:720:16:0
[Parsed_cropdetect_0 @ 0x55eab7d6e800] x1:14 x2:1279 y1:0 y2:719 w:1264 h:720 x:16 y:0 pts:211456 t:13.766667 limit:24.000000 crop=1264:720:16:0
[Parsed_cropdetect_0 @ 0x55eab7d6e800] x1:14 x2:1279 y1:0 y2:719 w:1264 h:720 x:16 y:0 pts:211968 t:13.800000 limit:24.000000 crop=1264:720:16:0
[Parsed_cropdetect_0 @ 0x55eab7d6e800] x1:14 x2:1279 y1:0 y2:719 w:1264 h:720 x:16 y:0 pts:212480 t:13.833333 limit:24.000000 crop=1264:720:16:0
[Parsed_cropdetect_0 @ 0x55eab7d6e800] x1:14 x2:1279 y1:0 y2:719 w:1264 h:720 x:16 y:0 pts:212992 t:13.866667 limit:24.000000 crop=1264:720:16:0
[Parsed_cropdetect_0 @ 0x55eab7d6e800] x1:14 x2:1279 y1:0 y2:719 w:1264 h:720 x:16 y:0 pts:213504 t:13.900000 limit:24.000000 crop=1264:720:16:0
[Parsed_cropdetect_0 @ 0x55eab7d6e800] x1:14 x2:1279 y1:0 y2:719 w:1264 h:720 x:16 y:0 pts:214016 t:13.933333 limit:24.000000 crop=1264:720:16:0
[Parsed_cropdetect_0 @ 0x55eab7d6e800] x1:14 x2:1279 y1:0 y2:719 w:1264 h:720 x:16 y:0 pts:214528 t:13.966667 limit:24.000000 crop=1264:720:16:0
[Parsed_cropdetect_0 @ 0x55eab7d6e800] x1:14 x2:1279 y1:0 y2:719 w:1264 h:720 x:16 y:0 pts:215040 t:14.000000 limit:24.000000 crop=1264:720:16:0
[Parsed_cropdetect_0 @ 0x55eab7d6e800] x1:14 x2:1279 y1:0 y2:719 w:1264 h:720 x:16 y:0 pts:215552 t:14.033333 limit:24.000000 crop=1264:720:16:0
[Parsed_cropdetect_0 @ 0x55eab7d6e800] x1:14 x2:1279 y1:0 y2:719 w:1264 h:720 x:16 y:0 pts:216064 t:14.066667 limit:24.000000 crop=1264:720:16:0
[Parsed_cropdetect_0 @ 0x55eab7d6e800] x1:14 x2:1279 y1:0 y2:719 w:1264 h:720 x:16 y:0 pts:216576 t:14.100000 limit:24.000000 crop=1264:720:16:0
[Parsed_cropdetect_0 @ 0x55eab7d6e800] x1:14 x2:1279 y1:0 y2:719 w:1264 h:720 x:16 y:0 pts:217088 t:14.133333 limit:24.000000 crop=1264:720:16:0
[Parsed_cropdetect_0 @ 0x55eab7d6e800] x1:14 x2:1279 y1:0 y2:719 w:1264 h:720 x:16 y:0 pts:217600 t:14.166667 limit:24.000000 crop=1264:720:16:0
[Parsed_cropdetect_0 @ 0x55eab7d6e800] x1:14 x2:1279 y1:0 y2:719 w:1264 h:720 x:16 y:0 pts:218112 t:14.200000 limit:24.000000 crop=1264:720:16:0
[Parsed_cropdetect_0 @ 0x55eab7d6e800] x1:14 x2:1279 y1:0 y2:719 w:1264 h:720 x:16 y:0 pts:218624 t:14.233333 limit:24.000000 crop=1264:720:16:0
[Parsed_cropdetect_0 @ 0x55eab7d6e800] x1:14 x2:1279 y1:0 y2:719 w:1264 h:720 x:16 y:0 pts:219136 t:14.266667 limit:24.000000 crop=1264:720:16:0
[Parsed_cropdetect_0 @ 0x55eab7d6e800] x1:14 x2:1279 y1:0 y2:719 w:1264 h:720 x:16 y:0 pts:219648 t:14.300000 limit:24.000000 crop=1264:720:16:0
[Parsed_cropdetect_0 @ 0x55eab7d6e800] x1:14 x2:1279 y1:0 y2:719 w:1264 h:720 x:16 y:0 pts:220160 t:14.333333 limit:24.000000 crop=1264:720:16:0
[Parsed_cropdetect_0 @ 0x55eab7d6e800] x1:14 x2:1279 y1:0 y2:719 w:1264 h:720 x:16 y:0 pts:220672 t:14.366667 limit:24.000000 crop=1264:720:16:0
[Parsed_cropdetect_0 @ 0x55eab7d6e800] x1:14 x2:1279 y1:0 y2:719 w:1264 h:720 x:16 y:0 pts:221184 t:14.400000 limit:24.000000 crop=1264:720:16:0
[Parsed_cropdetect_0 @ 0x55eab7d6e800] x1:14 x2:1279 y1:0 y2:719 w:1264 h:720 x:16 y:0 pts:221696 t:14.433333 limit:24.000000 crop=1264:720:16:0
[Parsed_cropdetect_0 @ 0x55eab7d6e800] x1:14 x2:1279 y1:0 y2:719 w:1264 h:720 x:16 y:0 pts:222208 t:14.466667 limit:24.000000 crop=1264:720:16:0
[Parsed_cropdetect_0 @ 0x55eab7d6e800] x1:14 x2:1279 y1:0 y2:719 w:1264 h:720 x:16 y:0 pts:222720 t:14.500000 limit:24.000000 crop=1264:720:16:0
[Parsed_cropdetect_0 @ 0x55eab7d6e800] x1:14 x2:1279 y1:0 y2:719 w:1264 h:720 x:16 y:0 pts:223232 t:14.533333 limit:24.000000 crop=1264:720:16:0
[Parsed_cropdetect_0 @ 0x55eab7d6e800] x1:14 x2:1279 y1:0 y2:719 w:1264 h:720 x:16 y:0 pts:223744 t:14.566667 limit:24.000000 crop=1264:720:16:0
[Parsed_cropdetect_0 @ 0x55eab7d6e800] x1:14 x2:1279 y1:0 y2:719 w:1264 h:720 x:16 y:0 pts:224256 t:14.600000 limit:24.000000 crop=1264:720:16:0
[Parsed_cropdetect_0 @ 0x55eab7d6e800] x1:14 x2:1279 y1:0 y2:719 w:1264 h:720 x:16 y:0 pts:224768 t:14.633333 limit:24.000000 crop=1264:720:16:0
[Parsed_cropdetect_0 @ 0x55eab7d6e800] x1:14 x2:1279 y1:0 y2:719 w:1264 h:720 x:16 y:0 pts:225280 t:14.666667 limit:24.000000 crop=1264:720:16:0
[Parsed_cropdetect_0 @ 0x55eab7d6e800] x1:14 x2:1279 y1:0 y2:719 w:1264 h:720 x:16 y:0 pts:225792 t:14.700000 limit:24.000000 crop=1264:720:16:0
[Parsed_cropdetect_0 @ 0x55eab7d6e800] x1:14 x2:1279 y1:0 y2:719 w:1264 h:720 x:16 y:0 pts:226304 t:14.733333 limit:24.000000 crop=1264:720:16:0
[Parsed_cropdetect_0 @ 0x55eab7d6e800] x1:14 x2:1279 y1:0 y2:719 w:1264 h:720 x:16 y:0 pts:226816 t:14.766667 limit:24.000000 crop=1264:720:16:0
[Parsed_cropdetect_0 @ 0x55eab7d6e800] x1:14 x2:1279 y1:0 y2:719 w:1264 h:720 x:16 y:0 pts:227328 t:14.800000 limit:24.000000 crop=1264:720:16:0
[Parsed_cropdetect_0 @ 0x55eab7d6e800] x1:14 x2:1279 y1:0 y2:719 w:1264 h:720 x:16 y:0 pts:227840 t:14.833333 limit:24.000000 crop=1264:720:16:0
[Parsed_cropdetect_0 @ 0x55eab7d6e800] x1:14 x2:1279 y1:0 y2:719 w:1264 h:720 x:16 y:0 pts:228352 t:14.866667 limit:24.000000 crop=1264:720:16:0
[Parsed_cropdetect_0 @ 0x55eab7d6e800] x1:14 x2:1279 y1:0 y2:719 w:1264 h:720 x:16 y:0 pts:228864 t:14.900000 limit:24.000000 crop=1264:720:16:0
[Parsed_cropdetect_0 @ 0x55eab7d6e800] x1:14 x2:1279 y1:0 y2:719 w:1264 h:720 x:16 y:0 pts:229376 t:14.933333 limit:24.000000 crop=1264:720:16:0
[Parsed_cropdetect_0 @ 0x55eab7d6e800] x1:14 x2:1279 y1:0 y2:719 w:1264 h:720 x:16 y:0 pts:229888 t:14.966667 limit:24.000000 crop=1264:720:16:0
[Parsed_cropdetect_0 @ 0x55eab7d6e800] x1:14 x2:1279 y1:0 y2:719 w:1264 h:720 x:16 y:0 pts:230400 t:15.000000 limit:24.000000 crop=1264:720:16:0
[Parsed_cropdetect_0 @ 0x55eab7d6e800] x1:14 x2:1279 y1:0 y2:719 w:1264 h:720 x:16 y:0 pts:230912 t:15.033333 limit:24.000000 crop=1264:720:16:0
[Parsed_cropdetect_0 @ 0x55eab7d6e800] x1:14 x2:1279 y1:0 y2:719 w:1264 h:720 x:16 y:0 pts:231424 t:15.066667 limit:24.000000 crop=1264:720:16:0
[Parsed_cropdetect_0 @ 0x55eab7d6e800] x1:14 x2:1279 y1:0 y2:719 w:1264 h:720 x:16 y:0 pts:231936 t:15.100000 limit:24.000000 crop=1264:720:16:0
[Parsed_cropdetect_0 @ 0x55eab7d6e800] x1:14 x2:1279 y1:0 y2:719 w:1264 h:720 x:16 y:0 pts:232448 t:15.133333 limit:24.000000 crop=1264:720:16:0
[Parsed_cropdetect_0 @ 0x55eab7d6e800] x1:14 x2:1279 y1:0 y2:719 w:1264 h:720 x:16 y:0 pts:232960 t:15.166667 limit:24.000000 crop=1264:720:16:0
[Parsed_cropdetect_0 @ 0x55eab7d6e800] x1:14 x2:1279 y1:0 y2:719 w:1264 h:720 x:16 y:0 pts:233472 t:15.200000 limit:24.000000 crop=1264:720:16:0
[Parsed_cropdetect_0 @ 0x55eab7d6e800] x1:14 x2:1279 y1:0 y2:719 w:1264 h:720 x:16 y:0 pts:233984 t:15.233333 limit:24.000000 crop=1264:720:16:0
[Parsed_cropdetect_0 @ 0x55eab7d6e800] x1:14 x2:1279 y1:0 y2:719 w:1264 h:720 x:16 y:0 pts:234496 t:15.266667 limit:24.000000 crop=1264:720:16:0
[Parsed_cropdetect_0 @ 0x55eab7d6e800] x1:14 x2:1279 y1:0 y2:719 w:1264 h:720 x:16 y:0 pts:235008 t:15.300000 limit:24.000000 crop=1264:720:16:0
[Parsed_cropdetect_0 @ 0x55eab7d6e800] x1:14 x2:1279 y1:0 y2:719 w:1264 h:720 x:16 y:0 pts:235520 t:15.333333 limit:24.000000 crop=1264:720:16:0
[Parsed_cropdetect_0 @ 0x55eab7d6e800] x1:14 x2:1279 y1:0 y2:719 w:1264 h:720 x:16 y:0 pts:236032 t:15.366667 limit:24.000000 crop=1264:720:16:0
[Parsed_cropdetect_0 @ 0x55eab7d6e800] x1:14 x2:1279 y1:0 y2:719 w:1264 h:720 x:16 y:0 pts:236544 t:15.400000 limit:24.000000 crop=1264:720:16:0
[Parsed_cropdetect_0 @ 0x55eab7d6e800] x1:14 x2:1279 y1:0 y2:719 w:1264 h:720 x:16 y:0 pts:237056 t:15.433333 limit:24.000000 crop=1264:720:16:0
[Parsed_cropdetect_0 @ 0x55eab7d6e800] x1:14 x2:1279 y1:0 y2:719 w:1264 h:720 x:16 y:0 pts:237568 t:15.466667 limit:24.000000 crop=1264:720:16:0
[Parsed_cropdetect_0 @ 0x55eab7d6e800] x1:14 x2:1279 y1:0 y2:719 w:1264 h:720 x:16 y:0 pts:238080 t:15.500000 limit:24.000000 crop=1264:720:16:0
[Parsed_cropdetect_0 @ 0x55eab7d6e800] x1:14 x2:1279 y1:0 y2:719 w:1264 h:720 x:16 y:0 pts:238592 t:15.533333 limit:24.000000 crop=1264:720:16:0
[Parsed_cropdetect_0 @ 0x55eab7d6e800] x1:14 x2:1279 y1:0 y2:719 w:1264 h:720 x:16 y:0 pts:239104 t:15.566667 limit:24.000000 crop=1264:720:16:0
[Parsed_cropdetect_0 @ 0x55eab7d6e800] x1:14 x2:1279 y1:0 y2:719 w:1264 h:720 x:16 y:0 pts:239616 t:15.600000 limit:24.000000 crop=1264:720:16:0
[Parsed_cropdetect_0 @ 0x55eab7d6e800] x1:14 x2:1279 y1:0 y2:719 w:1264 h:720 x:16 y:0 pts:240128 t:15.633333 limit:24.000000 crop=1264:720:16:0
[Parsed_cropdetect_0 @ 0x55eab7d6e800] x1:14 x2:1279 y1:0 y2:719 w:1264 h:720 x:16 y:0 pts:240640 t:15.666667 limit:24.000000 crop=1264:720:16:0
[Parsed_cropdetect_0 @ 0x55eab7d6e800] x1:14 x2:1279 y1:0 y2:719 w:1264 h:720 x:16 y:0 pts:241152 t:15.700000 limit:24.000000 crop=1264:720:16:0
[Parsed_cropdetect_0 @ 0x55eab7d6e800] x1:14 x2:1279 y1:0 y2:719 w:1264 h:720 x:16 y:0 pts:241664 t:15.733333 limit:24.000000 crop=1264:720:16:0
[Parsed_cropdetect_0 @ 0x55eab7d6e800] x1:14 x2:1279 y1:0 y2:719 w:1264 h:720 x:16 y:0 pts:242176 t:15.766667 limit:24.000000 crop=1264:720:16:0
[Parsed_cropdetect_0 @ 0x55eab7d6e800] x1:14 x2:1279 y1:0 y2:719 w:1264 h:720 x:16 y:0 pts:242688 t:15.800000 limit:24.000000 crop=1264:720:16:0
[Parsed_cropdetect_0 @ 0x55eab7d6e800] x1:14 x2:1279 y1:0 y2:719 w:1264 h:720 x:16 y:0 pts:243200 t:15.833333 limit:24.000000 crop=1264:720:16:0
[Parsed_cropdetect_0 @ 0x55eab7d6e800] x1:14 x2:1279 y1:0 y2:719 w:1264 h:720 x:16 y:0 pts:243712 t:15.866667 limit:24.000000 crop=1264:720:16:0
[Parsed_cropdetect_0 @ 0x55eab7d6e800] x1:14 x2:1279 y1:0 y2:719 w:1264 h:720 x:16 y:0 pts:244224 t:15.900000 limit:24.000000 crop=1264:720:16:0
[Parsed_cropdetect_0 @ 0x55eab7d6e800] x1:14 x2:1279 y1:0 y2:719 w:1264 h:720 x:16 y:0 pts:244736 t:15.933333 limit:24.000000 crop=1264:720:16:0
[Parsed_cropdetect_0 @ 0x55eab7d6e800] x1:14 x2:1279 y1:0 y2:719 w:1264 h:720 x:16 y:0 pts:245248 t:15.966667 limit:24.000000 crop=1264:720:16:0
[Parsed_cropdetect_0 @ 0x55eab7d6e800] x1:14 x2:1279 y1:0 y2:719 w:1264 h:720 x:16 y:0 pts:245760 t:16.000000 limit:24.000000 crop=1264:720:16:0
[Parsed_cropdetect_0 @ 0x55eab7d6e800] x1:14 x2:1279 y1:0 y2:719 w:1264 h:720 x:16 y:0 pts:246272 t:16.033333 limit:24.000000 crop=1264:720:16:0
[Parsed_cropdetect_0 @ 0x55eab7d6e800] x1:14 x2:1279 y1:0 y2:719 w:1264 h:720 x:16 y:0 pts:246784 t:16.066667 limit:24.000000 crop=1264:720:16:0
[Parsed_cropdetect_0 @ 0x55eab7d6e800] x1:14 x2:1279 y1:0 y2:719 w:1264 h:720 x:16 y:0 pts:247296 t:16.100000 limit:24.000000 crop=1264:720:16:0
[Parsed_cropdetect_0 @ 0x55eab7d6e800] x1:14 x2:1279 y1:0 y2:719 w:1264 h:720 x:16 y:0 pts:247808 t:16.133333 limit:24.000000 crop=1264:720:16:0
[Parsed_cropdetect_0 @ 0x55eab7d6e800] x1:14 x2:1279 y1:0 y2:719 w:1264 h:720 x:16 y:0 pts:248320 t:16.166667 limit:24.000000 crop=1264:720:16:0
[Parsed_cropdetect_0 @ 0x55eab7d6e800] x1:14 x2:1279 y1:0 y2:719 w:1264 h:720 x:16 y:0 pts:248832 t:16.200000 limit:24.000000 crop=1264:720:16:0
[Parsed_cropdetect_0 @ 0x55eab7d6e800] x1:14 x2:1279 y1:0 y2:719 w:1264 h:720 x:16 y:0 pts:249344 t:16.233333 limit:24.000000 crop=1264:720:16:0
[Parsed_cropdetect_0 @ 0x55eab7d6e800] x1:14 x2:1279 y1:0 y2:719 w:1264 h:720 x:16 y:0 pts:249856 t:16.266667 limit:24.000000 crop=1264:720:16:0
[Parsed_cropdetect_0 @ 0x55eab7d6e800] x1:14 x2:1279 y1:0 y2:719 w:1264 h:720 x:16 y:0 pts:250368 t:16.300000 limit:24.000000 crop=1264:720:16:0
[Parsed_cropdetect_0 @ 0x55eab7d6e800] x1:14 x2:1279 y1:0 y2:719 w:1264 h:720 x:16 y:0 pts:250880 t:16.333333 limit:24.000000 crop=1264:720:16:0
[Parsed_cropdetect_0 @ 0x55eab7d6e800] x1:14 x2:1279 y1:0 y2:719 w:1264 h:720 x:16 y:0 pts:251392 t:16.366667 limit:24.000000 crop=1264:720:16:0
[Parsed_cropdetect_0 @ 0x55eab7d6e800] x1:14 x2:1279 y1:0 y2:719 w:1264 h:720 x:16 y:0 pts:251904 t:16.400000 limit:24.000000 crop=1264:720:16:0
[Parsed_cropdetect_0 @ 0x55eab7d6e800] x1:14 x2:1279 y1:0 y2:719 w:1264 h:720 x:16 y:0 pts:252416 t:16.433333 limit:24.000000 crop=1264:720:16:0
[Parsed_cropdetect_0 @ 0x55eab7d6e800] x1:14 x2:1279 y1:0 y2:719 w:1264 h:720 x:16 y:0 pts:252928 t:16.466667 limit:24.000000 crop=1264:720:16:0
[Parsed_cropdetect_0 @ 0x55eab7d6e800] x1:14 x2:1279 y1:0 y2:719 w:1264 h:720 x:16 y:0 pts:253440 t:16.500000 limit:24.000000 crop=1264:720:16:0
[Parsed_cropdetect_0 @ 0x55eab7d6e800] x1:14 x2:1279 y1:0 y2:719 w:1264 h:720 x:16 y:0 pts:253952 t:16.533333 limit:24.000000 crop=1264:720:16:0
[Parsed_cropdetect_0 @ 0x55eab7d6e800] x1:14 x2:1279 y1:0 y2:719 w:1264 h:720 x:16 y:0 pts:254464 t:16.566667 limit:24.000000 crop=1264:720:16:0
[Parsed_cropdetect_0 @ 0x55eab7d6e800] x1:14 x2:1279 y1:0 y2:719 w:1264 h:720 x:16 y:0 pts:254976 t:16.600000 limit:24.000000 crop=1264:720:16:0
[Parsed_cropdetect_0 @ 0x55eab7d6e800] x1:14 x2:1279 y1:0 y2:719 w:1264 h:720 x:16 y:0 pts:255488 t:16.633333 limit:24.000000 crop=1264:720:16:0
[Parsed_cropdetect_0 @ 0x55eab7d6e800] x1:14 x2:1279 y1:0 y2:719 w:1264 h:720 x:16 y:0 pts:256000 t:16.666667 limit:24.000000 crop=1264:720:16:0
[Parsed_cropdetect_0 @ 0x55eab7d6e800] x1:14 x2:1279 y1:0 y2:719 w:1264 h:720 x:16 y:0 pts:256512 t:16.700000 limit:24.000000 crop=1264:720:16:0
[Parsed_cropdetect_0 @ 0x55eab7d6e800] x1:14 x2:1279 y1:0 y2:719 w:1264 h:720 x:16 y:0 pts:257024 t:16.733333 limit:24.000000 crop=1264:720:16:0
[Parsed_cropdetect_0 @ 0x55eab7d6e800] x1:14 x2:1279 y1:0 y2:719 w:1264 h:720 x:16 y:0 pts:257536 t:16.766667 limit:24.000000 crop=1264:720:16:0
[Parsed_cropdetect_0 @ 0x55eab7d6e800] x1:14 x2:1279 y1:0 y2:719 w:1264 h:720 x:16 y:0 pts:258048 t:16.800000 limit:24.000000 crop=1264:720:16:0
[Parsed_cropdetect_0 @ 0x55eab7d6e800] x1:14 x2:1279 y1:0 y2:719 w:1264 h:720 x:16 y:0 pts:258560 t:16.833333 limit:24.000000 crop=1264:720:16:0
[Parsed_cropdetect_0 @ 0x55eab7d6e800] x1:14 x2:1279 y1:0 y2:719 w:1264 h:720 x:16 y:0 pts:259072 t:16.866667 limit:24.000000 crop=1264:720:16:0
[Parsed_cropdetect_0 @ 0x55eab7d6e800] x1:14 x2:1279 y1:0 y2:719 w:1264 h:720 x:16 y:0 pts:259584 t:16.900000 limit:24.000000 crop=1264:720:16:0
[Parsed_cropdetect_0 @ 0x55eab7d6e800] x1:14 x2:1279 y1:0 y2:719 w:1264 h:720 x:16 y:0 pts:260096 t:16.933333 limit:24.000000 crop=1264:720:16:0
[Parsed_cropdetect_0 @ 0x55eab7d6e800] x1:14 x2:1279 y1:0 y2:719 w:1264 h:720 x:16 y:0 pts:260608 t:16.966667 limit:24.000000 crop=1264:720:16:0
[Parsed_cropdetect_0 @ 0x55eab7d6e800] x1:14 x2:1279 y1:0 y2:719 w:1264 h:720 x:16 y:0 pts:261120 t:17.000000 limit:24.000000 crop=1264:720:16:0
[Parsed_cropdetect_0 @ 0x55eab7d6e800] x1:14 x2:1279 y1:0 y2:719 w:1264 h:720 x:16 y:0 pts:261632 t:17.033333 limit:24.000000 crop=1264:720:16:0
[Parsed_cropdetect_0 @ 0x55eab7d6e800] x1:14 x2:1279 y1:0 y2:719 w:1264 h:720 x:16 y:0 pts:262144 t:17.066667 limit:24.000000 crop=1264:720:16:0
[Parsed_cropdetect_0 @ 0x55eab7d6e800] x1:14 x2:1279 y1:0 y2:719 w:1264 h:720 x:16 y:0 pts:262656 t:17.100000 limit:24.000000 crop=1264:720:16:0
[Parsed_cropdetect_0 @ 0x55eab7d6e800] x1:14 x2:1279 y1:0 y2:719 w:1264 h:720 x:16 y:0 pts:263168 t:17.133333 limit:24.000000 crop=1264:720:16:0
[Parsed_cropdetect_0 @ 0x55eab7d6e800] x1:14 x2:1279 y1:0 y2:719 w:1264 h:720 x:16 y:0 pts:263680 t:17.166667 limit:24.000000 crop=1264:720:16:0
[Parsed_cropdetect_0 @ 0x55eab7d6e800] x1:14 x2:1279 y1:0 y2:719 w:1264 h:720 x:16 y:0 pts:264192 t:17.200000 limit:24.000000 crop=1264:720:16:0
[Parsed_cropdetect_0 @ 0x55eab7d6e800] x1:14 x2:1279 y1:0 y2:719 w:1264 h:720 x:16 y:0 pts:264704 t:17.233333 limit:24.000000 crop=1264:720:16:0
[Parsed_cropdetect_0 @ 0x55eab7d6e800] x1:14 x2:1279 y1:0 y2:719 w:1264 h:720 x:16 y:0 pts:265216 t:17.266667 limit:24.000000 crop=1264:720:16:0
[Parsed_cropdetect_0 @ 0x55eab7d6e800] x1:14 x2:1279 y1:0 y2:719 w:1264 h:720 x:16 y:0 pts:265728 t:17.300000 limit:24.000000 crop=1264:720:16:0
[Parsed_cropdetect_0 @ 0x55eab7d6e800] x1:14 x2:1279 y1:0 y2:719 w:1264 h:720 x:16 y:0 pts:266240 t:17.333333 limit:24.000000 crop=1264:720:16:0
[Parsed_cropdetect_0 @ 0x55eab7d6e800] x1:14 x2:1279 y1:0 y2:719 w:1264 h:720 x:16 y:0 pts:266752 t:17.366667 limit:24.000000 crop=1264:720:16:0
[Parsed_cropdetect_0 @ 0x55eab7d6e800] x1:14 x2:1279 y1:0 y2:719 w:1264 h:720 x:16 y:0 pts:267264 t:17.400000 limit:24.000000 crop=1264:720:16:0
[Parsed_cropdetect_0 @ 0x55eab7d6e800] x1:14 x2:1279 y1:0 y2:719 w:1264 h:720 x:16 y:0 pts:267776 t:17.433333 limit:24.000000 crop=1264:720:16:0
[Parsed_cropdetect_0 @ 0x55eab7d6e800] x1:14 x2:1279 y1:0 y2:719 w:1264 h:720 x:16 y:0 pts:268288 t:17.466667 limit:24.000000 crop=1264:720:16:0
[Parsed_cropdetect_0 @ 0x55eab7d6e800] x1:14 x2:1279 y1:0 y2:719 w:1264 h:720 x:16 y:0 pts:268800 t:17.500000 limit:24.000000 crop=1264:720:16:0
[Parsed_cropdetect_0 @ 0x55eab7d6e800] x1:14 x2:1279 y1:0 y2:719 w:1264 h:720 x:16 y:0 pts:269312 t:17.533333 limit:24.000000 crop=1264:720:16:0
[Parsed_cropdetect_0 @ 0x55eab7d6e800] x1:14 x2:1279 y1:0 y2:719 w:1264 h:720 x:16 y:0 pts:269824 t:17.566667 limit:24.000000 crop=1264:720:16:0
[Parsed_cropdetect_0 @ 0x55eab7d6e800] x1:14 x2:1279 y1:0 y2:719 w:1264 h:720 x:16 y:0 pts:270336 t:17.600000 limit:24.000000 crop=1264:720:16:0
[Parsed_cropdetect_0 @ 0x55eab7d6e800] x1:14 x2:1279 y1:0 y2:719 w:1264 h:720 x:16 y:0 pts:270848 t:17.633333 limit:24.000000 crop=1264:720:16:0
[Parsed_cropdetect_0 @ 0x55eab7d6e800] x1:14 x2:1279 y1:0 y2:719 w:1264 h:720 x:16 y:0 pts:271360 t:17.666667 limit:24.000000 crop=1264:720:16:0
[Parsed_cropdetect_0 @ 0x55eab7d6e800] x1:14 x2:1279 y1:0 y2:719 w:1264 h:720 x:16 y:0 pts:271872 t:17.700000 limit:24.000000 crop=1264:720:16:0
[Parsed_cropdetect_0 @ 0x55eab7d6e800] x1:14 x2:1279 y1:0 y2:719 w:1264 h:720 x:16 y:0 pts:272384 t:17.733333 limit:24.000000 crop=1264:720:16:0
[Parsed_cropdetect_0 @ 0x55eab7d6e800] x1:14 x2:1279 y1:0 y2:719 w:1264 h:720 x:16 y:0 pts:272896 t:17.766667 limit:24.000000 crop=1264:720:16:0
[Parsed_cropdetect_0 @ 0x55eab7d6e800] x1:14 x2:1279 y1:0 y2:719 w:1264 h:720 x:16 y:0 pts:273408 t:17.800000 limit:24.000000 crop=1264:720:16:0
[Parsed_cropdetect_0 @ 0x55eab7d6e800] x1:14 x2:1279 y1:0 y2:719 w:1264 h:720 x:16 y:0 pts:273920 t:17.833333 limit:24.000000 crop=1264:720:16:0
[Parsed_cropdetect_0 @ 0x55eab7d6e800] x1:14 x2:1279 y1:0 y2:719 w:1264 h:720 x:16 y:0 pts:274432 t:17.866667 limit:24.000000 crop=1264:720:16:0
[Parsed_cropdetect_0 @ 0x55eab7d6e800] x1:14 x2:1279 y1:0 y2:719 w:1264 h:720 x:16 y:0 pts:274944 t:17.900000 limit:24.000000 crop=1264:720:16:0
[Parsed_cropdetect_0 @ 0x55eab7d6e800] x1:14 x2:1279 y1:0 y2:719 w:1264 h:720 x:16 y:0 pts:275456 t:17.933333 limit:24.000000 crop=1264:720:16:0
[Parsed_cropdetect_0 @ 0x55eab7d6e800] x1:14 x2:1279 y1:0 y2:719 w:1264 h:720 x:16 y:0 pts:275968 t:17.966667 limit:24.000000 crop=1264:720:16:0
[out#0/null @ 0x55eab7ccf340] video:253kB audio:0kB subtitle:0kB other streams:0kB global headers:0kB muxing overhead: unknown
frame=  540 fps=0.0 q=-0.0 Lsize=N/A time=00:00:17.96 bitrate=N/A speed=44.9x    
